Component: ARM Compiler 5.06 update 4 (build 422) Tool: armlink [4d35d2]

==============================================================================

Section Cross References

    startup_stm32f40_41xxx.o(RESET) refers to startup_stm32f40_41xxx.o(STACK) for __initial_sp
    startup_stm32f40_41xxx.o(RESET) refers to startup_stm32f40_41xxx.o(.text) for Reset_Handler
    startup_stm32f40_41xxx.o(RESET) refers to stm32f4xx_it.o(i.NMI_Handler) for NMI_Handler
    startup_stm32f40_41xxx.o(RESET) refers to stm32f4xx_it.o(i.MemManage_Handler) for MemManage_Handler
    startup_stm32f40_41xxx.o(RESET) refers to stm32f4xx_it.o(i.BusFault_Handler) for BusFault_Handler
    startup_stm32f40_41xxx.o(RESET) refers to stm32f4xx_it.o(i.UsageFault_Handler) for UsageFault_Handler
    startup_stm32f40_41xxx.o(RESET) refers to stm32f4xx_it.o(i.SVC_Handler) for SVC_Handler
    startup_stm32f40_41xxx.o(RESET) refers to stm32f4xx_it.o(i.DebugMon_Handler) for DebugMon_Handler
    startup_stm32f40_41xxx.o(RESET) refers to stm32f4xx_it.o(i.PendSV_Handler) for PendSV_Handler
    startup_stm32f40_41xxx.o(RESET) refers to stm32f4xx_it.o(i.SysTick_Handler) for SysTick_Handler
    startup_stm32f40_41xxx.o(RESET) refers to ecatport.o(i.EXTI0_IRQHandler) for EXTI0_IRQHandler
    startup_stm32f40_41xxx.o(RESET) refers to ecatport.o(i.EXTI1_IRQHandler) for EXTI1_IRQHandler
    startup_stm32f40_41xxx.o(RESET) refers to ecatport.o(i.EXTI9_5_IRQHandler) for EXTI9_5_IRQHandler
    startup_stm32f40_41xxx.o(RESET) refers to ecatport.o(i.TIM1_UP_TIM10_IRQHandler) for TIM1_UP_TIM10_IRQHandler
    startup_stm32f40_41xxx.o(.text) refers to system_stm32f4xx.o(i.SystemInit) for SystemInit
    startup_stm32f40_41xxx.o(.text) refers to entry.o(.ARM.Collect$$$$00000000) for __main
    main.o(i.main) refers to md_app.o(i.bsp_init) for bsp_init
    main.o(i.main) refers to md_app.o(i.module_init) for module_init
    main.o(i.main) refers to md_ethercat.o(i.ethercat_loop) for ethercat_loop
    stm32f4xx_it.o(i.SysTick_Handler) refers to bsp_systick.o(i.TimingDelay_Decrement) for TimingDelay_Decrement
    system_stm32f4xx.o(i.SystemCoreClockUpdate) refers to system_stm32f4xx.o(.data) for SystemCoreClock
    system_stm32f4xx.o(i.SystemInit) refers to system_stm32f4xx.o(i.SetSysClock) for SetSysClock
    stm32f4xx_adc.o(i.ADC_DeInit) refers to stm32f4xx_rcc.o(i.RCC_APB2PeriphResetCmd) for RCC_APB2PeriphResetCmd
    stm32f4xx_dac.o(i.DAC_DeInit) refers to stm32f4xx_rcc.o(i.RCC_APB1PeriphResetCmd) for RCC_APB1PeriphResetCmd
    stm32f4xx_gpio.o(i.GPIO_DeInit) refers to stm32f4xx_rcc.o(i.RCC_AHB1PeriphResetCmd) for RCC_AHB1PeriphResetCmd
    stm32f4xx_rcc.o(i.RCC_GetClocksFreq) refers to stm32f4xx_rcc.o(.data) for APBAHBPrescTable
    stm32f4xx_rcc.o(i.RCC_WaitForHSEStartUp) refers to stm32f4xx_rcc.o(i.RCC_GetFlagStatus) for RCC_GetFlagStatus
    stm32f4xx_rtc.o(i.RTC_CoarseCalibCmd) refers to stm32f4xx_rtc.o(i.RTC_EnterInitMode) for RTC_EnterInitMode
    stm32f4xx_rtc.o(i.RTC_CoarseCalibCmd) refers to stm32f4xx_rtc.o(i.RTC_ExitInitMode) for RTC_ExitInitMode
    stm32f4xx_rtc.o(i.RTC_CoarseCalibConfig) refers to stm32f4xx_rtc.o(i.RTC_EnterInitMode) for RTC_EnterInitMode
    stm32f4xx_rtc.o(i.RTC_CoarseCalibConfig) refers to stm32f4xx_rtc.o(i.RTC_ExitInitMode) for RTC_ExitInitMode
    stm32f4xx_rtc.o(i.RTC_DeInit) refers to stm32f4xx_rtc.o(i.RTC_EnterInitMode) for RTC_EnterInitMode
    stm32f4xx_rtc.o(i.RTC_DeInit) refers to stm32f4xx_rtc.o(i.RTC_WaitForSynchro) for RTC_WaitForSynchro
    stm32f4xx_rtc.o(i.RTC_GetAlarm) refers to stm32f4xx_rtc.o(i.RTC_Bcd2ToByte) for RTC_Bcd2ToByte
    stm32f4xx_rtc.o(i.RTC_GetDate) refers to stm32f4xx_rtc.o(i.RTC_Bcd2ToByte) for RTC_Bcd2ToByte
    stm32f4xx_rtc.o(i.RTC_GetTime) refers to stm32f4xx_rtc.o(i.RTC_Bcd2ToByte) for RTC_Bcd2ToByte
    stm32f4xx_rtc.o(i.RTC_GetTimeStamp) refers to stm32f4xx_rtc.o(i.RTC_Bcd2ToByte) for RTC_Bcd2ToByte
    stm32f4xx_rtc.o(i.RTC_Init) refers to stm32f4xx_rtc.o(i.RTC_EnterInitMode) for RTC_EnterInitMode
    stm32f4xx_rtc.o(i.RTC_Init) refers to stm32f4xx_rtc.o(i.RTC_ExitInitMode) for RTC_ExitInitMode
    stm32f4xx_rtc.o(i.RTC_RefClockCmd) refers to stm32f4xx_rtc.o(i.RTC_EnterInitMode) for RTC_EnterInitMode
    stm32f4xx_rtc.o(i.RTC_RefClockCmd) refers to stm32f4xx_rtc.o(i.RTC_ExitInitMode) for RTC_ExitInitMode
    stm32f4xx_rtc.o(i.RTC_SetAlarm) refers to stm32f4xx_rtc.o(i.RTC_Bcd2ToByte) for RTC_Bcd2ToByte
    stm32f4xx_rtc.o(i.RTC_SetAlarm) refers to stm32f4xx_rtc.o(i.RTC_ByteToBcd2) for RTC_ByteToBcd2
    stm32f4xx_rtc.o(i.RTC_SetDate) refers to stm32f4xx_rtc.o(i.RTC_Bcd2ToByte) for RTC_Bcd2ToByte
    stm32f4xx_rtc.o(i.RTC_SetDate) refers to stm32f4xx_rtc.o(i.RTC_ByteToBcd2) for RTC_ByteToBcd2
    stm32f4xx_rtc.o(i.RTC_SetDate) refers to stm32f4xx_rtc.o(i.RTC_EnterInitMode) for RTC_EnterInitMode
    stm32f4xx_rtc.o(i.RTC_SetDate) refers to stm32f4xx_rtc.o(i.RTC_ExitInitMode) for RTC_ExitInitMode
[...]
    i.CheckSyncTypeValue                     0x08001360   Section        0  objdef.o(i.CheckSyncTypeValue)
    i.DC_CheckWatchdog                       0x08001464   Section        0  ecatslv.o(i.DC_CheckWatchdog)
    i.DebugMon_Handler                       0x08001564   Section        0  stm32f4xx_it.o(i.DebugMon_Handler)
    i.DisableSyncManChannel                  0x08001566   Section        0  ecatslv.o(i.DisableSyncManChannel)
    i.ECAT_Application                       0x0800159c   Section        0  ecatappl.o(i.ECAT_Application)
    i.ECAT_CheckTimer                        0x080015d0   Section        0  ecatappl.o(i.ECAT_CheckTimer)
    i.ECAT_Init                              0x08001658   Section        0  ecatslv.o(i.ECAT_Init)
    i.ECAT_Main                              0x0800178c   Section        0  ecatslv.o(i.ECAT_Main)
    i.ECAT_SetLedIndication                  0x080018e8   Section        0  ecatappl.o(i.ECAT_SetLedIndication)
    i.EXTI0_IRQHandler                       0x08001b5c   Section        0  ecatport.o(i.EXTI0_IRQHandler)
    i.EXTI1_IRQHandler                       0x08001b6a   Section        0  ecatport.o(i.EXTI1_IRQHandler)
    i.EXTI9_5_IRQHandler                     0x08001b78   Section        0  ecatport.o(i.EXTI9_5_IRQHandler)
    i.EXTI_ClearITPendingBit                 0x08001b88   Section        0  stm32f4xx_exti.o(i.EXTI_ClearITPendingBit)
    i.EXTI_Init                              0x08001b94   Section        0  stm32f4xx_exti.o(i.EXTI_Init)
    i.EnableSyncManChannel                   0x08001c28   Section        0  ecatslv.o(i.EnableSyncManChannel)
    i.FOE_Ack                                0x08001c5c   Section        0  foeappl.o(i.FOE_Ack)
    i.FOE_Busy                               0x08001c88   Section        0  foeappl.o(i.FOE_Busy)
    i.FOE_ContinueInd                        0x08001c9c   Section        0  ecatfoe.o(i.FOE_ContinueInd)
    i.FOE_Data                               0x08001cbc   Section        0  foeappl.o(i.FOE_Data)
    i.FOE_Error                              0x08001d0c   Section        0  foeappl.o(i.FOE_Error)
    i.FOE_Init                               0x08001d24   Section        0  ecatfoe.o(i.FOE_Init)
    i.FOE_Read                               0x08001d40   Section        0  foeappl.o(i.FOE_Read)
    i.FOE_ServiceInd                         0x08001d78   Section        0  ecatfoe.o(i.FOE_ServiceInd)
    i.FOE_Write                              0x08002054   Section        0  foeappl.o(i.FOE_Write)
    i.GPIO_Init                              0x0800207c   Section        0  stm32f4xx_gpio.o(i.GPIO_Init)
    i.GPIO_PinAFConfig                       0x0800210c   Section        0  stm32f4xx_gpio.o(i.GPIO_PinAFConfig)
    i.GPIO_ResetBits                         0x08002152   Section        0  stm32f4xx_gpio.o(i.GPIO_ResetBits)
    i.GPIO_SetBits                           0x08002156   Section        0  stm32f4xx_gpio.o(i.GPIO_SetBits)
    i.GetInterruptRegister                   0x0800215c   Section        0  ecatport.o(i.GetInterruptRegister)
    GetInterruptRegister                     0x0800215d   Thumb Code    40  ecatport.o(i.GetInterruptRegister)
    i.GetOutOfMbxQueue                       0x0800218c   Section        0  mailbox.o(i.GetOutOfMbxQueue)
    i.GetSyncMan                             0x080021bc   Section        0  ecatslv.o(i.GetSyncMan)
    i.GetSystemTimeDelay                     0x080021d8   Section        0  ecatappl.o(i.GetSystemTimeDelay)
    i.HW_EscRead                             0x08002224   Section        0  ecatport.o(i.HW_EscRead)
    i.HW_EscReadIsr                          0x08002270   Section        0  ecatport.o(i.HW_EscReadIsr)
    i.HW_EscWrite                            0x080022c0   Section        0  ecatport.o(i.HW_EscWrite)
    i.HW_EscWriteIsr                         0x0800230c   Section        0  ecatport.o(i.HW_EscWriteIsr)
    i.HW_GetALEventRegister                  0x08002350   Section        0  ecatport.o(i.HW_GetALEventRegister)
    i.HW_GetALEventRegister_Isr              0x08002360   Section        0  ecatport.o(i.HW_GetALEventRegister_Isr)
    i.HW_Init                                0x08002370   Section        0  ecatport.o(i.HW_Init)
    i.HW_SetLed                              0x080023e0   Section        0  ecatport.o(i.HW_SetLed)
    i.HandleCycleTimeMeasurement             0x080023e4   Section        0  ecatappl.o(i.HandleCycleTimeMeasurement)
    i.ISR_GetInterruptRegister               0x0800244c   Section        0  ecatport.o(i.ISR_GetInterruptRegister)
    ISR_GetInterruptRegister                 0x0800244d   Thumb Code    36  ecatport.o(i.ISR_GetInterruptRegister)
    i.MBX_CheckAndCopyMailbox                0x08002478   Section        0  mailbox.o(i.MBX_CheckAndCopyMailbox)
    i.MBX_CopyToSendMailbox                  0x08002594   Section        0  mailbox.o(i.MBX_CopyToSendMailbox)
    i.MBX_Init                               0x0800266c   Section        0  mailbox.o(i.MBX_Init)
    i.MBX_MailboxReadInd                     0x08002738   Section        0  mailbox.o(i.MBX_MailboxReadInd)
    i.MBX_MailboxRepeatReq                   0x08002800   Section        0  mailbox.o(i.MBX_MailboxRepeatReq)
    i.MBX_MailboxSendReq                     0x08002868   Section        0  mailbox.o(i.MBX_MailboxSendReq)
    i.MBX_MailboxWriteInd                    0x080028fc   Section        0  mailbox.o(i.MBX_MailboxWriteInd)
    i.MBX_Main                               0x08002978   Section        0  mailbox.o(i.MBX_Main)
    i.MBX_StartMailboxHandler                0x080029c8   Section        0  mailbox.o(i.MBX_StartMailboxHandler)
    i.MBX_StopMailboxHandler                 0x08002aa0   Section        0  mailbox.o(i.MBX_StopMailboxHandler)
    i.MailboxServiceInd                      0x08002bbc   Section        0  mailbox.o(i.MailboxServiceInd)
    i.MainInit                               0x08002c08   Section        0  ecatappl.o(i.MainInit)
    i.MainLoop                               0x08002cf4   Section        0  ecatappl.o(i.MainLoop)
    i.MemManage_Handler                      0x08002dd4   Section        0  stm32f4xx_it.o(i.MemManage_Handler)
    i.NMI_Handler                            0x08002dd8   Section        0  stm32f4xx_it.o(i.NMI_Handler)
    i.NVIC_DisableIRQ                        0x08002ddc   Section        0  ecatslv.o(i.NVIC_DisableIRQ)
    NVIC_DisableIRQ                          0x08002ddd   Thumb Code    18  ecatslv.o(i.NVIC_DisableIRQ)
    i.NVIC_EnableIRQ                         0x08002df4   Section        0  ecatslv.o(i.NVIC_EnableIRQ)
    NVIC_EnableIRQ                           0x08002df5   Thumb Code    22  ecatslv.o(i.NVIC_EnableIRQ)
    i.NVIC_Init                              0x08002e0c   Section        0  misc.o(i.NVIC_Init)
    i.NVIC_PriorityGroupConfig               0x08002e84   Section        0  misc.o(i.NVIC_PriorityGroupConfig)
    i.OBJ_CopyNumberToString                 0x08002e98   Section        0  objdef.o(i.OBJ_CopyNumberToString)
    i.OBJ_GetDesc                            0x08002ed4   Section        0  objdef.o(i.OBJ_GetDesc)
    i.OBJ_GetEntryDesc                       0x08002fac   Section        0  objdef.o(i.OBJ_GetEntryDesc)
    i.OBJ_GetEntryOffset                     0x08002fd2   Section        0  objdef.o(i.OBJ_GetEntryOffset)
    i.OBJ_GetNoOfObjects                     0x080030d8   Section        0  objdef.o(i.OBJ_GetNoOfObjects)
    i.OBJ_GetObjDesc                         0x0800313c   Section        0  objdef.o(i.OBJ_GetObjDesc)
    i.OBJ_GetObjectHandle                    0x08003144   Section        0  objdef.o(i.OBJ_GetObjectHandle)
    i.OBJ_GetObjectLength                    0x08003164   Section        0  objdef.o(i.OBJ_GetObjectLength)
    i.OBJ_GetObjectList                      0x08003200   Section        0  objdef.o(i.OBJ_GetObjectList)
    i.OBJ_Read                               0x080032bc   Section        0  objdef.o(i.OBJ_Read)
    i.OBJ_Write                              0x08003730   Section        0  objdef.o(i.OBJ_Write)
    i.PDI_Isr                                0x08003c50   Section        0  ecatappl.o(i.PDI_Isr)
    i.PDO_InputMapping                       0x08003d68   Section        0  ecatappl.o(i.PDO_InputMapping)
    i.PDO_OutputMapping                      0x08003de4   Section        0  ecatappl.o(i.PDO_OutputMapping)
    i.PendSV_Handler                         0x08003e78   Section        0  stm32f4xx_it.o(i.PendSV_Handler)
    i.PutInMbxQueue                          0x08003e7a   Section        0  mailbox.o(i.PutInMbxQueue)
    i.RCC_AHB1PeriphClockCmd                 0x08003ea8   Section        0  stm32f4xx_rcc.o(i.RCC_AHB1PeriphClockCmd)
    i.RCC_APB1PeriphClockCmd                 0x08003ec8   Section        0  stm32f4xx_rcc.o(i.RCC_APB1PeriphClockCmd)
    i.RCC_APB1PeriphResetCmd                 0x08003ee8   Section        0  stm32f4xx_rcc.o(i.RCC_APB1PeriphResetCmd)
    i.RCC_APB2PeriphClockCmd                 0x08003f08   Section        0  stm32f4xx_rcc.o(i.RCC_APB2PeriphClockCmd)
    i.RCC_APB2PeriphResetCmd                 0x08003f28   Section        0  stm32f4xx_rcc.o(i.RCC_APB2PeriphResetCmd)
    i.Read0x10F8                             0x08003f48   Section        0  coeappl.o(i.Read0x10F8)
    i.ResetALEventMask                       0x08003f98   Section        0  ecatslv.o(i.ResetALEventMask)
    i.SDOS_SdoInd                            0x08003fcc   Section        0  sdoserv.o(i.SDOS_SdoInd)
    i.SDOS_SdoInfoInd                        0x08004424   Section        0  sdoserv.o(i.SDOS_SdoInfoInd)
    i.SDOS_SdoRes                            0x08004708   Section        0  sdoserv.o(i.SDOS_SdoRes)
    i.SODS_ClearPendingResponse              0x080047f4   Section        0  sdoserv.o(i.SODS_ClearPendingResponse)
    i.SPI_Cmd                                0x080048a4   Section        0  stm32f4xx_spi.o(i.SPI_Cmd)
    i.SPI_I2S_DeInit                         0x080048bc   Section        0  stm32f4xx_spi.o(i.SPI_I2S_DeInit)
    i.SPI_I2S_GetFlagStatus                  0x0800496c   Section        0  stm32f4xx_spi.o(i.SPI_I2S_GetFlagStatus)
    i.SPI_I2S_ReceiveData                    0x0800497e   Section        0  stm32f4xx_spi.o(i.SPI_I2S_ReceiveData)
    i.SPI_I2S_SendData                       0x08004984   Section        0  stm32f4xx_spi.o(i.SPI_I2S_SendData)
    i.SPI_Init                               0x08004988   Section        0  stm32f4xx_spi.o(i.SPI_Init)
    i.SVC_Handler                            0x080049c4   Section        0  stm32f4xx_it.o(i.SVC_Handler)
    i.SYSCFG_EXTILineConfig                  0x080049c8   Section        0  stm32f4xx_syscfg.o(i.SYSCFG_EXTILineConfig)
    i.SdoDownloadSegmentInd                  0x08004a08   Section        0  sdoserv.o(i.SdoDownloadSegmentInd)
    SdoDownloadSegmentInd                    0x08004a09   Thumb Code   596  sdoserv.o(i.SdoDownloadSegmentInd)
    i.SdoRes                                 0x08004cac   Section        0  sdoserv.o(i.SdoRes)
    i.SdoUploadSegmentInd                    0x08004d8c   Section        0  sdoserv.o(i.SdoUploadSegmentInd)
    SdoUploadSegmentInd                      0x08004d8d   Thumb Code   388  sdoserv.o(i.SdoUploadSegmentInd)
    i.SetALEventMask                         0x08004f2c   Section        0  ecatslv.o(i.SetALEventMask)
    i.SetALStatus                            0x08004f60   Section        0  ecatslv.o(i.SetALStatus)
    i.SetSysClock                            0x08004ff4   Section        0  system_stm32f4xx.o(i.SetSysClock)
    SetSysClock                              0x08004ff5   Thumb Code   220  system_stm32f4xx.o(i.SetSysClock)
    i.StartInputHandler                      0x080050e0   Section        0  ecatslv.o(i.StartInputHandler)
    i.StartOutputHandler                     0x08005700   Section        0  ecatslv.o(i.StartOutputHandler)
    i.StopInputHandler                       0x08005754   Section        0  ecatslv.o(i.StopInputHandler)
    i.StopOutputHandler                      0x08005834   Section        0  ecatslv.o(i.StopOutputHandler)
    i.Sync0_Isr                              0x08005848   Section        0  ecatappl.o(i.Sync0_Isr)
    i.Sync1_Isr                              0x0800597c   Section        0  ecatappl.o(i.Sync1_Isr)
    i.SysTick_Handler                        0x080059b8   Section        0  stm32f4xx_it.o(i.SysTick_Handler)
    i.SystemInit                             0x080059c0   Section        0  system_stm32f4xx.o(i.SystemInit)
    i.TIM1_UP_TIM10_IRQHandler               0x08005a28   Section        0  ecatport.o(i.TIM1_UP_TIM10_IRQHandler)
    i.TIM_ClearFlag                          0x08005a3c   Section        0  stm32f4xx_tim.o(i.TIM_ClearFlag)
    i.TIM_ClearITPendingBit                  0x08005a42   Section        0  stm32f4xx_tim.o(i.TIM_ClearITPendingBit)
    i.TIM_Cmd                                0x08005a48   Section        0  stm32f4xx_tim.o(i.TIM_Cmd)
    i.TIM_ITConfig                           0x08005a60   Section        0  stm32f4xx_tim.o(i.TIM_ITConfig)
    i.TIM_TimeBaseInit                       0x08005a74   Section        0  stm32f4xx_tim.o(i.TIM_TimeBaseInit)
    i.TimingDelay_Decrement                  0x08005af8   Section        0  bsp_systick.o(i.TimingDelay_Decrement)
    i.UpdateEEPROMLoadedState                0x08005b10   Section        0  ecatslv.o(i.UpdateEEPROMLoadedState)
    i.UsageFault_Handler                     0x08005b54   Section        0  stm32f4xx_it.o(i.UsageFault_Handler)
    i.__scatterload_copy                     0x08005b58   Section       14  handlers.o(i.__scatterload_copy)
    i.__scatterload_null                     0x08005b66   Section        2  handlers.o(i.__scatterload_null)
    i.__scatterload_zeroinit                 0x08005b68   Section       14  handlers.o(i.__scatterload_zeroinit)
    i.bsp_init                               0x08005b76   Section        0  md_app.o(i.bsp_init)
    i.bsp_spi3_init                          0x08005b88   Section        0  bsp_spi.o(i.bsp_spi3_init)
    i.bsp_time1_init                         0x08005c7c   Section        0  bsp_time.o(i.bsp_time1_init)
    i.ethercat_data_rw                       0x08005cc8   Section        0  md_ethercat.o(i.ethercat_data_rw)
    i.ethercat_init                          0x08005cd4   Section        0  md_ethercat.o(i.ethercat_init)
    i.ethercat_loop                          0x08005ce0   Section        0  md_ethercat.o(i.ethercat_loop)
    i.ethercat_pdi_init                      0x08005ce8   Section        0  md_ethercat.o(i.ethercat_pdi_init)
    i.ethercat_sync0_init                    0x08005d40   Section        0  md_ethercat.o(i.ethercat_sync0_init)
    i.ethercat_sync1_init                    0x08005d94   Section        0  md_ethercat.o(i.ethercat_sync1_init)
    i.ethercat_timer_init                    0x08005de8   Section        0  md_ethercat.o(i.ethercat_timer_init)
    i.free                                   0x08005df0   Section        0  malloc.o(i.free)
    i.main                                   0x08005e40   Section        0  main.o(i.main)
    i.malloc                                 0x08005e50   Section        0  malloc.o(i.malloc)
    i.module_init                            0x08005ebc   Section        0  md_app.o(i.module_init)
    i.nvic_configuration                     0x08005ec4   Section        0  bsp_sys.o(i.nvic_configuration)
    i.recv_ACK                               0x08005f64   Section        0  bootloaderappl.o(i.recv_ACK)
    i.recv_DATA                              0x08005fa4   Section        0  bootloaderappl.o(i.recv_DATA)
    i.recv_RRQ                               0x08006000   Section        0  bootloaderappl.o(i.recv_RRQ)
    i.recv_WRQ                               0x08006084   Section        0  bootloaderappl.o(i.recv_WRQ)
    i.spi_data_rw                            0x080060c0   Section        0  bsp_spi.o(i.spi_data_rw)
    i.sysTick_init                           0x080060f8   Section        0  bsp_systick.o(i.sysTick_init)
    .constdata                               0x08006160   Section     1461  coeappl.o(.constdata)
    .constdata                               0x08006716   Section       32  objdef.o(.constdata)
    .constdata                               0x08006738   Section      120  sdoserv.o(.constdata)
    .data                                    0x20000000   Section       20  system_stm32f4xx.o(.data)
    .data                                    0x20000014   Section        4  bsp_systick.o(.data)
    TimingDelay                              0x20000014   Data           4  bsp_systick.o(.data)
    .data                                    0x20000018   Section     1036  coeappl.o(.data)
    .data                                    0x20000424   Section       58  ecatappl.o(.data)
    ms                                       0x20000456   Data           2  ecatappl.o(.data)
    RunCounter                               0x20000458   Data           2  ecatappl.o(.data)
    ErrorCounter                             0x2000045a   Data           2  ecatappl.o(.data)
    u8PrevErrorLed                           0x2000045c   Data           1  ecatappl.o(.data)
    u8PrevRunLed                             0x2000045d   Data           1  ecatappl.o(.data)
    .data                                    0x20000460   Section        4  ecatcoe.o(.data)
    .data                                    0x20000464   Section       22  ecatfoe.o(.data)
    .data                                    0x2000047a   Section        2  ecatport.o(.data)
    .data                                    0x2000047c   Section       75  ecatslv.o(.data)
    .data                                    0x200004c8   Section       33  mailbox.o(.data)
    .data                                    0x200004ec   Section       98  myapp.o(.data)
    tpdodata                                 0x2000053e   Data           8  myapp.o(.data)
    rpdodata                                 0x20000546   Data           8  myapp.o(.data)
    .data                                    0x20000550   Section       29  objdef.o(.data)
    .data                                    0x20000570   Section       60  sdoserv.o(.data)
    .data                                    0x200005ac   Section       12  bootloaderappl.o(.data)
    .data                                    0x200005b8   Section        4  mvars.o(.data)
    .data                                    0x200005bc   Section        4  mvars.o(.data)
    .bss                                     0x200005c0   Section      136  ecatappl.o(.bss)
    .bss                                     0x20000648   Section      104  mailbox.o(.bss)
    .bss                                     0x200006b0   Section      136  objdef.o(.bss)
    .bss                                     0x20000738   Section       16  sdoserv.o(.bss)
    .bss                                     0x20000748   Section     2068  bootloaderappl.o(.bss)
    HEAP                                     0x20000f60   Section     2048  startup_stm32f40_41xxx.o(HEAP)
    STACK                                    0x20001760   Section     2048  startup_stm32f40_41xxx.o(STACK)

    Global Symbols

    Symbol Name                              Value     Ov Type        Size  Object(Section)

    BuildAttributes$$THM_ISAv4$E$P$D$K$B$S$7EM$VFPi3$EXTD16$VFPS$VFMA$PE$A:L22UL41UL21$X:L11$S22US41US21$IEEE1$IW$USESV6$~STKCKD$USESV7$~SHL$OSPACE$EBA8$MICROLIB$REQ8$PRES8$EABIv2 0x00000000   Number         0  anon$$obj.o ABSOLUTE
    __ARM_use_no_argv                        0x00000000   Number         0  main.o ABSOLUTE
    __cpp_initialize__aeabi_                  - Undefined Weak Reference
    __cxa_finalize                            - Undefined Weak Reference
    _clock_init                               - Undefined Weak Reference
    _microlib_exit                            - Undefined Weak Reference
    __Vectors_Size                           0x00000188   Number         0  startup_stm32f40_41xxx.o ABSOLUTE
    __Vectors                                0x08000000   Data           4  startup_stm32f40_41xxx.o(RESET)
    __Vectors_End                            0x08000188   Data           0  startup_stm32f40_41xxx.o(RESET)
    __main                                   0x08000189   Thumb Code     0  entry.o(.ARM.Collect$$$$00000000)
    _main_stk                                0x08000189   Thumb Code     0  entry2.o(.ARM.Collect$$$$00000001)
    _main_scatterload                        0x0800018d   Thumb Code     0  entry5.o(.ARM.Collect$$$$00000004)
    __main_after_scatterload                 0x08000191   Thumb Code     0  entry5.o(.ARM.Collect$$$$00000004)
    _main_clock                              0x08000191   Thumb Code     0  entry7b.o(.ARM.Collect$$$$00000008)
    _main_cpp_init                           0x08000191   Thumb Code     0  entry8b.o(.ARM.Collect$$$$0000000A)
    _main_init                               0x08000191   Thumb Code     0  entry9a.o(.ARM.Collect$$$$0000000B)
    __rt_final_cpp                           0x08000199   Thumb Code     0  entry10a.o(.ARM.Collect$$$$0000000D)
    __rt_final_exit                          0x08000199   Thumb Code     0  entry11a.o(.ARM.Collect$$$$0000000F)
    Reset_Handler                            0x0800019d   Thumb Code     8  startup_stm32f40_41xxx.o(.text)
    HardFault_Handler                        0x080001a7   Thumb Code     2  startup_stm32f40_41xxx.o(.text)
    ADC_IRQHandler                           0x080001b7   Thumb Code     0  startup_stm32f40_41xxx.o(.text)
    CAN1_RX0_IRQHandler                      0x080001b7   Thumb Code     0  startup_stm32f40_41xxx.o(.text)
    CAN1_RX1_IRQHandler                      0x080001b7   Thumb Code     0  startup_stm32f40_41xxx.o(.text)
    CAN1_SCE_IRQHandler                      0x080001b7   Thumb Code     0  startup_stm32f40_41xxx.o(.text)
    CAN1_TX_IRQHandler                       0x080001b7   Thumb Code     0  startup_stm32f40_41xxx.o(.text)
    CAN2_RX0_IRQHandler                      0x080001b7   Thumb Code     0  startup_stm32f40_41xxx.o(.text)
    CAN2_RX1_IRQHandler                      0x080001b7   Thumb Code     0  startup_stm32f40_41xxx.o(.text)
    CAN2_SCE_IRQHandler                      0x080001b7   Thumb Code     0  startup_stm32f40_41xxx.o(.text)
    CAN2_TX_IRQHandler                       0x080001b7   Thumb Code     0  startup_stm32f40_41xxx.o(.text)
    CRYP_IRQHandler                          0x080001b7   Thumb Code     0  startup_stm32f40_41xxx.o(.text)
    DCMI_IRQHandler                          0x080001b7   Thumb Code     0  startup_stm32f40_41xxx.o(.text)
    DMA1_Stream0_IRQHandler                  0x080001b7   Thumb Code     0  startup_stm32f40_41xxx.o(.text)
    DMA1_Stream1_IRQHandler                  0x080001b7   Thumb Code     0  startup_stm32f40_41xxx.o(.text)
    DMA1_Stream2_IRQHandler                  0x080001b7   Thumb Code     0  startup_stm32f40_41xxx.o(.text)
    DMA1_Stream3_IRQHandler                  0x080001b7   Thumb Code     0  startup_stm32f40_41xxx.o(.text)
    DMA1_Stream4_IRQHandler                  0x080001b7   Thumb Code     0  startup_stm32f40_41xxx.o(.text)
    DMA1_Stream5_IRQHandler                  0x080001b7   Thumb Code     0  startup_stm32f40_41xxx.o(.text)
    DMA1_Stream6_IRQHandler                  0x080001b7   Thumb Code     0  startup_stm32f40_41xxx.o(.text)
    DMA1_Stream7_IRQHandler                  0x080001b7   Thumb Code     0  startup_stm32f40_41xxx.o(.text)
    DMA2_Stream0_IRQHandler                  0x080001b7   Thumb Code     0  startup_stm32f40_41xxx.o(.text)
    DMA2_Stream1_IRQHandler                  0x080001b7   Thumb Code     0  startup_stm32f40_41xxx.o(.text)
    DMA2_Stream2_IRQHandler                  0x080001b7   Thumb Code     0  startup_stm32f40_41xxx.o(.text)
    DMA2_Stream3_IRQHandler                  0x080001b7   Thumb Code     0  startup_stm32f40_41xxx.o(.text)
    DMA2_Stream4_IRQHandler                  0x080001b7   Thumb Code     0  startup_stm32f40_41xxx.o(.text)
    DMA2_Stream5_IRQHandler                  0x080001b7   Thumb Code     0  startup_stm32f40_41xxx.o(.text)
    DMA2_Stream6_IRQHandler                  0x080001b7   Thumb Code     0  startup_stm32f40_41xxx.o(.text)
    DMA2_Stream7_IRQHandler                  0x080001b7   Thumb Code     0  startup_stm32f40_41xxx.o(.text)
    ETH_IRQHandler                           0x080001b7   Thumb Code     0  startup_stm32f40_41xxx.o(.text)
    ETH_WKUP_IRQHandler                      0x080001b7   Thumb Code     0  startup_stm32f40_41xxx.o(.text)
    EXTI15_10_IRQHandler                     0x080001b7   Thumb Code     0  startup_stm32f40_41xxx.o(.text)
    EXTI2_IRQHandler                         0x080001b7   Thumb Code     0  startup_stm32f40_41xxx.o(.text)
    EXTI3_IRQHandler                         0x080001b7   Thumb Code     0  startup_stm32f40_41xxx.o(.text)
    EXTI4_IRQHandler                         0x080001b7   Thumb Code     0  startup_stm32f40_41xxx.o(.text)
    FLASH_IRQHandler                         0x080001b7   Thumb Code     0  startup_stm32f40_41xxx.o(.text)
    FPU_IRQHandler                           0x080001b7   Thumb Code     0  startup_stm32f40_41xxx.o(.text)
    FSMC_IRQHandler                          0x080001b7   Thumb Code     0  startup_stm32f40_41xxx.o(.text)
    HASH_RNG_IRQHandler                      0x080001b7   Thumb Code     0  startup_stm32f40_41xxx.o(.text)
    I2C1_ER_IRQHandler                       0x080001b7   Thumb Code     0  startup_stm32f40_41xxx.o(.text)
    I2C1_EV_IRQHandler                       0x080001b7   Thumb Code     0  startup_stm32f40_41xxx.o(.text)
    I2C2_ER_IRQHandler                       0x080001b7   Thumb Code     0  startup_stm32f40_41xxx.o(.text)
    I2C2_EV_IRQHandler                       0x080001b7   Thumb Code     0  startup_stm32f40_41xxx.o(.text)
    I2C3_ER_IRQHandler                       0x080001b7   Thumb Code     0  startup_stm32f40_41xxx.o(.text)
    I2C3_EV_IRQHandler                       0x080001b7   Thumb Code     0  startup_stm32f40_41xxx.o(.text)
    OTG_FS_IRQHandler                        0x080001b7   Thumb Code     0  startup_stm32f40_41xxx.o(.text)
    OTG_FS_WKUP_IRQHandler                   0x080001b7   Thumb Code     0  startup_stm32f40_41xxx.o(.text)
    OTG_HS_EP1_IN_IRQHandler                 0x080001b7   Thumb Code     0  startup_stm32f40_41xxx.o(.text)
    OTG_HS_EP1_OUT_IRQHandler                0x080001b7   Thumb Code     0  startup_stm32f40_41xxx.o(.text)
    OTG_HS_IRQHandler                        0x080001b7   Thumb Code     0  startup_stm32f40_41xxx.o(.text)
    OTG_HS_WKUP_IRQHandler                   0x080001b7   Thumb Code     0  startup_stm32f40_41xxx.o(.text)
    PVD_IRQHandler                           0x080001b7   Thumb Code     0  startup_stm32f40_41xxx.o(.text)
    RCC_IRQHandler                           0x080001b7   Thumb Code     0  startup_stm32f40_41xxx.o(.text)
    RTC_Alarm_IRQHandler                     0x080001b7   Thumb Code     0  startup_stm32f40_41xxx.o(.text)
    RTC_WKUP_IRQHandler                      0x080001b7   Thumb Code     0  startup_stm32f40_41xxx.o(.text)
    SDIO_IRQHandler                          0x080001b7   Thumb Code     0  startup_stm32f40_41xxx.o(.text)
    SPI1_IRQHandler                          0x080001b7   Thumb Code     0  startup_stm32f40_41xxx.o(.text)
    SPI2_IRQHandler                          0x080001b7   Thumb Code     0  startup_stm32f40_41xxx.o(.text)
    SPI3_IRQHandler                          0x080001b7   Thumb Code     0  startup_stm32f40_41xxx.o(.text)
    TAMP_STAMP_IRQHandler                    0x080001b7   Thumb Code     0  startup_stm32f40_41xxx.o(.text)
    TIM1_BRK_TIM9_IRQHandler                 0x080001b7   Thumb Code     0  startup_stm32f40_41xxx.o(.text)
    TIM1_CC_IRQHandler                       0x080001b7   Thumb Code     0  startup_stm32f40_41xxx.o(.text)
    TIM1_TRG_COM_TIM11_IRQHandler            0x080001b7   Thumb Code     0  startup_stm32f40_41xxx.o(.text)
    TIM2_IRQHandler                          0x080001b7   Thumb Code     0  startup_stm32f40_41xxx.o(.text)
    TIM3_IRQHandler                          0x080001b7   Thumb Code     0  startup_stm32f40_41xxx.o(.text)
    TIM4_IRQHandler                          0x080001b7   Thumb Code     0  startup_stm32f40_41xxx.o(.text)
    TIM5_IRQHandler                          0x080001b7   Thumb Code     0  startup_stm32f40_41xxx.o(.text)
    TIM6_DAC_IRQHandler                      0x080001b7   Thumb Code     0  startup_stm32f40_41xxx.o(.text)
    TIM7_IRQHandler                          0x080001b7   Thumb Code     0  startup_stm32f40_41xxx.o(.text)
    TIM8_BRK_TIM12_IRQHandler                0x080001b7   Thumb Code     0  startup_stm32f40_41xxx.o(.text)
    TIM8_CC_IRQHandler                       0x080001b7   Thumb Code     0  startup_stm32f40_41xxx.o(.text)
    TIM8_TRG_COM_TIM14_IRQHandler            0x080001b7   Thumb Code     0  startup_stm32f40_41xxx.o(.text)
    TIM8_UP_TIM13_IRQHandler                 0x080001b7   Thumb Code     0  startup_stm32f40_41xxx.o(.text)
    UART4_IRQHandler                         0x080001b7   Thumb Code     0  startup_stm32f40_41xxx.o(.text)
    UART5_IRQHandler                         0x080001b7   Thumb Code     0  startup_stm32f40_41xxx.o(.text)
    USART1_IRQHandler                        0x080001b7   Thumb Code     0  startup_stm32f40_41xxx.o(.text)
    USART2_IRQHandler                        0x080001b7   Thumb Code     0  startup_stm32f40_41xxx.o(.text)
    USART3_IRQHandler                        0x080001b7   Thumb Code     0  startup_stm32f40_41xxx.o(.text)
    USART6_IRQHandler                        0x080001b7   Thumb Code     0  startup_stm32f40_41xxx.o(.text)
    WWDG_IRQHandler                          0x080001b7   Thumb Code     0  startup_stm32f40_41xxx.o(.text)
    __aeabi_memcpy                           0x080001c1   Thumb Code    36  memcpya.o(.text)
    __aeabi_memcpy4                          0x080001c1   Thumb Code     0  memcpya.o(.text)
    __aeabi_memcpy8                          0x080001c1   Thumb Code     0  memcpya.o(.text)
    __aeabi_memset                           0x080001e5   Thumb Code    14  memseta.o(.text)
    __aeabi_memset4                          0x080001e5   Thumb Code     0  memseta.o(.text)
    __aeabi_memset8                          0x080001e5   Thumb Code     0  memseta.o(.text)
    __aeabi_memclr                           0x080001f3   Thumb Code     4  memseta.o(.text)
    __aeabi_memclr4                          0x080001f3   Thumb Code     0  memseta.o(.text)
    __aeabi_memclr8                          0x080001f3   Thumb Code     0  memseta.o(.text)
    _memset$wrapper                          0x080001f7   Thumb Code    18  memseta.o(.text)
    strlen                                   0x08000209   Thumb Code    14  strlen.o(.text)
    __scatterload                            0x08000219   Thumb Code    28  init.o(.text)
    __scatterload_rt2                        0x08000219   Thumb Code     0  init.o(.text)
    __decompress                             0x0800023d   Thumb Code     0  __dczerorl2.o(.text)
    __decompress1                            0x0800023d   Thumb Code    86  __dczerorl2.o(.text)
    AL_ControlInd                            0x08000295   Thumb Code  1252  ecatslv.o(i.AL_ControlInd)
    AL_ControlRes                            0x08000791   Thumb Code   480  ecatslv.o(i.AL_ControlRes)
    APPL_AckErrorInd                         0x080009b1   Thumb Code     2  myapp.o(i.APPL_AckErrorInd)
    APPL_Application                         0x080009b3   Thumb Code     2  myapp.o(i.APPL_Application)
    APPL_GenerateMapping                     0x080009b5   Thumb Code   258  myapp.o(i.APPL_GenerateMapping)
    APPL_InputMapping                        0x08000ac1   Thumb Code    70  myapp.o(i.APPL_InputMapping)
    APPL_OutputMapping                       0x08000b11   Thumb Code    58  myapp.o(i.APPL_OutputMapping)
    APPL_StartInputHandler                   0x08000b55   Thumb Code     6  myapp.o(i.APPL_StartInputHandler)
    APPL_StartMailboxHandler                 0x08000b5b   Thumb Code     4  myapp.o(i.APPL_StartMailboxHandler)
    APPL_StartOutputHandler                  0x08000b5f   Thumb Code     4  myapp.o(i.APPL_StartOutputHandler)
    APPL_StopInputHandler                    0x08000b63   Thumb Code     4  myapp.o(i.APPL_StopInputHandler)
    APPL_StopMailboxHandler                  0x08000b67   Thumb Code     4  myapp.o(i.APPL_StopMailboxHandler)
    APPL_StopOutputHandler                   0x08000b6b   Thumb Code     4  myapp.o(i.APPL_StopOutputHandler)
    AddObjectsToObjDictionary                0x08000b6f   Thumb Code    40  coeappl.o(i.AddObjectsToObjDictionary)
    BL_Start                                 0x08000bd5   Thumb Code     2  bootmode.o(i.BL_Start)
    BL_Stop                                  0x08000bd7   Thumb Code     2  bootmode.o(i.BL_Stop)
    BackToInitTransition                     0x08000bd9   Thumb Code     8  ecatslv.o(i.BackToInitTransition)
    BusFault_Handler                         0x08000be5   Thumb Code     4  stm32f4xx_it.o(i.BusFault_Handler)
    COE_AddObjectToDic                       0x08000be9   Thumb Code   140  coeappl.o(i.COE_AddObjectToDic)
    COE_ClearObjDictionary                   0x08000c79   Thumb Code    32  coeappl.o(i.COE_ClearObjDictionary)
    COE_ContinueInd                          0x08000c9d   Thumb Code    62  ecatcoe.o(i.COE_ContinueInd)
    COE_GetObjectDictionary                  0x08000ce5   Thumb Code     6  coeappl.o(i.COE_GetObjectDictionary)
    COE_Init                                 0x08000cf1   Thumb Code    12  ecatcoe.o(i.COE_Init)
    COE_Main                                 0x08000d05   Thumb Code   154  coeappl.o(i.COE_Main)
    COE_ObjDictionaryInit                    0x08000dc1   Thumb Code    36  coeappl.o(i.COE_ObjDictionaryInit)
    COE_ObjInit                              0x08000df1   Thumb Code   192  coeappl.o(i.COE_ObjInit)
    COE_RemoveDicEntry                       0x08000eed   Thumb Code    62  coeappl.o(i.COE_RemoveDicEntry)
    COE_ServiceInd                           0x08000f31   Thumb Code    72  ecatcoe.o(i.COE_ServiceInd)
    COE_SyncTimeStamp                        0x08000f79   Thumb Code   104  coeappl.o(i.COE_SyncTimeStamp)
    COE_UpdateSyncErrorStatus                0x08000ff1   Thumb Code    78  coeappl.o(i.COE_UpdateSyncErrorStatus)
    CheckIfEcatError                         0x0800104d   Thumb Code   120  ecatslv.o(i.CheckIfEcatError)
    CheckSmSettings                          0x080010e1   Thumb Code   600  ecatslv.o(i.CheckSmSettings)
    CheckSyncTypeValue                       0x08001361   Thumb Code   242  objdef.o(i.CheckSyncTypeValue)
    DC_CheckWatchdog                         0x08001465   Thumb Code   208  ecatslv.o(i.DC_CheckWatchdog)
    DebugMon_Handler                         0x08001565   Thumb Code     2  stm32f4xx_it.o(i.DebugMon_Handler)
    DisableSyncManChannel                    0x08001567   Thumb Code    52  ecatslv.o(i.DisableSyncManChannel)
    ECAT_Application                         0x0800159d   Thumb Code    38  ecatappl.o(i.ECAT_Application)
    ECAT_CheckTimer                          0x080015d1   Thumb Code   108  ecatappl.o(i.ECAT_CheckTimer)
    ECAT_Init                                0x08001659   Thumb Code   210  ecatslv.o(i.ECAT_Init)
    ECAT_Main                                0x0800178d   Thumb Code   324  ecatslv.o(i.ECAT_Main)
    ECAT_SetLedIndication                    0x080018e9   Thumb Code   584  ecatappl.o(i.ECAT_SetLedIndication)
    EXTI0_IRQHandler                         0x08001b5d   Thumb Code    14  ecatport.o(i.EXTI0_IRQHandler)
    EXTI1_IRQHandler                         0x08001b6b   Thumb Code    14  ecatport.o(i.EXTI1_IRQHandler)
    EXTI9_5_IRQHandler                       0x08001b79   Thumb Code    16  ecatport.o(i.EXTI9_5_IRQHandler)
    EXTI_ClearITPendingBit                   0x08001b89   Thumb Code     6  stm32f4xx_exti.o(i.EXTI_ClearITPendingBit)
    EXTI_Init                                0x08001b95   Thumb Code   142  stm32f4xx_exti.o(i.EXTI_Init)
    EnableSyncManChannel                     0x08001c29   Thumb Code    50  ecatslv.o(i.EnableSyncManChannel)
    FOE_Ack                                  0x08001c5d   Thumb Code    34  foeappl.o(i.FOE_Ack)
    FOE_Busy                                 0x08001c89   Thumb Code    18  foeappl.o(i.FOE_Busy)
    FOE_ContinueInd                          0x08001c9d   Thumb Code    28  ecatfoe.o(i.FOE_ContinueInd)
    FOE_Data                                 0x08001cbd   Thumb Code    72  foeappl.o(i.FOE_Data)
    FOE_Error                                0x08001d0d   Thumb Code    20  foeappl.o(i.FOE_Error)
    FOE_Init                                 0x08001d25   Thumb Code    16  ecatfoe.o(i.FOE_Init)
    FOE_Read                                 0x08001d41   Thumb Code    46  foeappl.o(i.FOE_Read)
    FOE_ServiceInd                           0x08001d79   Thumb Code   698  ecatfoe.o(i.FOE_ServiceInd)
    FOE_Write                                0x08002055   Thumb Code    34  foeappl.o(i.FOE_Write)
    GPIO_Init                                0x0800207d   Thumb Code   144  stm32f4xx_gpio.o(i.GPIO_Init)
    GPIO_PinAFConfig                         0x0800210d   Thumb Code    70  stm32f4xx_gpio.o(i.GPIO_PinAFConfig)
    GPIO_ResetBits                           0x08002153   Thumb Code     4  stm32f4xx_gpio.o(i.GPIO_ResetBits)
    GPIO_SetBits                             0x08002157   Thumb Code     4  stm32f4xx_gpio.o(i.GPIO_SetBits)
    GetOutOfMbxQueue                         0x0800218d   Thumb Code    46  mailbox.o(i.GetOutOfMbxQueue)
    GetSyncMan                               0x080021bd   Thumb Code    24  ecatslv.o(i.GetSyncMan)
    GetSystemTimeDelay                       0x080021d9   Thumb Code    70  ecatappl.o(i.GetSystemTimeDelay)
    HW_EscRead                               0x08002225   Thumb Code    70  ecatport.o(i.HW_EscRead)
    HW_EscReadIsr                            0x08002271   Thumb Code    76  ecatport.o(i.HW_EscReadIsr)
    HW_EscWrite                              0x080022c1   Thumb Code    70  ecatport.o(i.HW_EscWrite)
    HW_EscWriteIsr                           0x0800230d   Thumb Code    62  ecatport.o(i.HW_EscWriteIsr)
    HW_GetALEventRegister                    0x08002351   Thumb Code    12  ecatport.o(i.HW_GetALEventRegister)
    HW_GetALEventRegister_Isr                0x08002361   Thumb Code    12  ecatport.o(i.HW_GetALEventRegister_Isr)
    HW_Init                                  0x08002371   Thumb Code   112  ecatport.o(i.HW_Init)
    HW_SetLed                                0x080023e1   Thumb Code     2  ecatport.o(i.HW_SetLed)
    HandleCycleTimeMeasurement               0x080023e5   Thumb Code    88  ecatappl.o(i.HandleCycleTimeMeasurement)
    MBX_CheckAndCopyMailbox                  0x08002479   Thumb Code   250  mailbox.o(i.MBX_CheckAndCopyMailbox)
    MBX_CopyToSendMailbox                    0x08002595   Thumb Code   182  mailbox.o(i.MBX_CopyToSendMailbox)
    MBX_Init                                 0x0800266d   Thumb Code   134  mailbox.o(i.MBX_Init)
    MBX_MailboxReadInd                       0x08002739   Thumb Code   170  mailbox.o(i.MBX_MailboxReadInd)
    MBX_MailboxRepeatReq                     0x08002801   Thumb Code    82  mailbox.o(i.MBX_MailboxRepeatReq)
    MBX_MailboxSendReq                       0x08002869   Thumb Code   132  mailbox.o(i.MBX_MailboxSendReq)
    MBX_MailboxWriteInd                      0x080028fd   Thumb Code   114  mailbox.o(i.MBX_MailboxWriteInd)
    MBX_Main                                 0x08002979   Thumb Code    70  mailbox.o(i.MBX_Main)
    MBX_StartMailboxHandler                  0x080029c9   Thumb Code   188  mailbox.o(i.MBX_StartMailboxHandler)
    MBX_StopMailboxHandler                   0x08002aa1   Thumb Code   230  mailbox.o(i.MBX_StopMailboxHandler)
    MailboxServiceInd                        0x08002bbd   Thumb Code    72  mailbox.o(i.MailboxServiceInd)
    MainInit                                 0x08002c09   Thumb Code   176  ecatappl.o(i.MainInit)
    MainLoop                                 0x08002cf5   Thumb Code   184  ecatappl.o(i.MainLoop)
    MemManage_Handler                        0x08002dd5   Thumb Code     4  stm32f4xx_it.o(i.MemManage_Handler)
    NMI_Handler                              0x08002dd9   Thumb Code     2  stm32f4xx_it.o(i.NMI_Handler)
    NVIC_Init                                0x08002e0d   Thumb Code   106  misc.o(i.NVIC_Init)
    NVIC_PriorityGroupConfig                 0x08002e85   Thumb Code    10  misc.o(i.NVIC_PriorityGroupConfig)
    OBJ_CopyNumberToString                   0x08002e99   Thumb Code    60  objdef.o(i.OBJ_CopyNumberToString)
    OBJ_GetDesc                              0x08002ed5   Thumb Code   212  objdef.o(i.OBJ_GetDesc)
    OBJ_GetEntryDesc                         0x08002fad   Thumb Code    38  objdef.o(i.OBJ_GetEntryDesc)
    OBJ_GetEntryOffset                       0x08002fd3   Thumb Code   262  objdef.o(i.OBJ_GetEntryOffset)
    OBJ_GetNoOfObjects                       0x080030d9   Thumb Code   100  objdef.o(i.OBJ_GetNoOfObjects)
    OBJ_GetObjDesc                           0x0800313d   Thumb Code     8  objdef.o(i.OBJ_GetObjDesc)
    OBJ_GetObjectHandle                      0x08003145   Thumb Code    32  objdef.o(i.OBJ_GetObjectHandle)
    OBJ_GetObjectLength                      0x08003165   Thumb Code   156  objdef.o(i.OBJ_GetObjectLength)
    OBJ_GetObjectList                        0x08003201   Thumb Code   184  objdef.o(i.OBJ_GetObjectList)
    OBJ_Read                                 0x080032bd   Thumb Code  1140  objdef.o(i.OBJ_Read)
    OBJ_Write                                0x08003731   Thumb Code  1310  objdef.o(i.OBJ_Write)
    PDI_Isr                                  0x08003c51   Thumb Code   232  ecatappl.o(i.PDI_Isr)
    PDO_InputMapping                         0x08003d69   Thumb Code   102  ecatappl.o(i.PDO_InputMapping)
    PDO_OutputMapping                        0x08003de5   Thumb Code   114  ecatappl.o(i.PDO_OutputMapping)
    PendSV_Handler                           0x08003e79   Thumb Code     2  stm32f4xx_it.o(i.PendSV_Handler)
    PutInMbxQueue                            0x08003e7b   Thumb Code    44  mailbox.o(i.PutInMbxQueue)
    RCC_AHB1PeriphClockCmd                   0x08003ea9   Thumb Code    26  stm32f4xx_rcc.o(i.RCC_AHB1PeriphClockCmd)
    RCC_APB1PeriphClockCmd                   0x08003ec9   Thumb Code    26  stm32f4xx_rcc.o(i.RCC_APB1PeriphClockCmd)
    RCC_APB1PeriphResetCmd                   0x08003ee9   Thumb Code    26  stm32f4xx_rcc.o(i.RCC_APB1PeriphResetCmd)
    RCC_APB2PeriphClockCmd                   0x08003f09   Thumb Code    26  stm32f4xx_rcc.o(i.RCC_APB2PeriphClockCmd)
    RCC_APB2PeriphResetCmd                   0x08003f29   Thumb Code    26  stm32f4xx_rcc.o(i.RCC_APB2PeriphResetCmd)
    Read0x10F8                               0x08003f49   Thumb Code    74  coeappl.o(i.Read0x10F8)
    ResetALEventMask                         0x08003f99   Thumb Code    50  ecatslv.o(i.ResetALEventMask)
    SDOS_SdoInd                              0x08003fcd   Thumb Code  1112  sdoserv.o(i.SDOS_SdoInd)
    SDOS_SdoInfoInd                          0x08004425   Thumb Code   712  sdoserv.o(i.SDOS_SdoInfoInd)
    SDOS_SdoRes                              0x08004709   Thumb Code   194  sdoserv.o(i.SDOS_SdoRes)
    SODS_ClearPendingResponse                0x080047f5   Thumb Code   120  sdoserv.o(i.SODS_ClearPendingResponse)
    SPI_Cmd                                  0x080048a5   Thumb Code    24  stm32f4xx_spi.o(i.SPI_Cmd)
    SPI_I2S_DeInit                           0x080048bd   Thumb Code   152  stm32f4xx_spi.o(i.SPI_I2S_DeInit)
    SPI_I2S_GetFlagStatus                    0x0800496d   Thumb Code    18  stm32f4xx_spi.o(i.SPI_I2S_GetFlagStatus)
    SPI_I2S_ReceiveData                      0x0800497f   Thumb Code     6  stm32f4xx_spi.o(i.SPI_I2S_ReceiveData)
    SPI_I2S_SendData                         0x08004985   Thumb Code     4  stm32f4xx_spi.o(i.SPI_I2S_SendData)
    SPI_Init                                 0x08004989   Thumb Code    60  stm32f4xx_spi.o(i.SPI_Init)
    SVC_Handler                              0x080049c5   Thumb Code     2  stm32f4xx_it.o(i.SVC_Handler)
    SYSCFG_EXTILineConfig                    0x080049c9   Thumb Code    60  stm32f4xx_syscfg.o(i.SYSCFG_EXTILineConfig)
    SdoRes                                   0x08004cad   Thumb Code   214  sdoserv.o(i.SdoRes)
    SetALEventMask                           0x08004f2d   Thumb Code    50  ecatslv.o(i.SetALEventMask)
    SetALStatus                              0x08004f61   Thumb Code   134  ecatslv.o(i.SetALStatus)
    StartInputHandler                        0x080050e1   Thumb Code  1502  ecatslv.o(i.StartInputHandler)
    StartOutputHandler                       0x08005701   Thumb Code    54  ecatslv.o(i.StartOutputHandler)
    StopInputHandler                         0x08005755   Thumb Code   140  ecatslv.o(i.StopInputHandler)
    StopOutputHandler                        0x08005835   Thumb Code    12  ecatslv.o(i.StopOutputHandler)
    Sync0_Isr                                0x08005849   Thumb Code   258  ecatappl.o(i.Sync0_Isr)
    Sync1_Isr                                0x0800597d   Thumb Code    40  ecatappl.o(i.Sync1_Isr)
    SysTick_Handler                          0x080059b9   Thumb Code     8  stm32f4xx_it.o(i.SysTick_Handler)
    SystemInit                               0x080059c1   Thumb Code    88  system_stm32f4xx.o(i.SystemInit)
    TIM1_UP_TIM10_IRQHandler                 0x08005a29   Thumb Code    16  ecatport.o(i.TIM1_UP_TIM10_IRQHandler)
    TIM_ClearFlag                            0x08005a3d   Thumb Code     6  stm32f4xx_tim.o(i.TIM_ClearFlag)
    TIM_ClearITPendingBit                    0x08005a43   Thumb Code     6  stm32f4xx_tim.o(i.TIM_ClearITPendingBit)
    TIM_Cmd                                  0x08005a49   Thumb Code    24  stm32f4xx_tim.o(i.TIM_Cmd)
    TIM_ITConfig                             0x08005a61   Thumb Code    18  stm32f4xx_tim.o(i.TIM_ITConfig)
    TIM_TimeBaseInit                         0x08005a75   Thumb Code   104  stm32f4xx_tim.o(i.TIM_TimeBaseInit)
    TimingDelay_Decrement                    0x08005af9   Thumb Code    18  bsp_systick.o(i.TimingDelay_Decrement)
    UpdateEEPROMLoadedState                  0x08005b11   Thumb Code    64  ecatslv.o(i.UpdateEEPROMLoadedState)
    UsageFault_Handler                       0x08005b55   Thumb Code     4  stm32f4xx_it.o(i.UsageFault_Handler)
    __scatterload_copy                       0x08005b59   Thumb Code    14  handlers.o(i.__scatterload_copy)
    __scatterload_null                       0x08005b67   Thumb Code     2  handlers.o(i.__scatterload_null)
    __scatterload_zeroinit                   0x08005b69   Thumb Code    14  handlers.o(i.__scatterload_zeroinit)
    bsp_init                                 0x08005b77   Thumb Code    16  md_app.o(i.bsp_init)
    bsp_spi3_init                            0x08005b89   Thumb Code   232  bsp_spi.o(i.bsp_spi3_init)
    bsp_time1_init                           0x08005c7d   Thumb Code    72  bsp_time.o(i.bsp_time1_init)
    ethercat_data_rw                         0x08005cc9   Thumb Code    12  md_ethercat.o(i.ethercat_data_rw)
    ethercat_init                            0x08005cd5   Thumb Code    12  md_ethercat.o(i.ethercat_init)
    ethercat_loop                            0x08005ce1   Thumb Code     8  md_ethercat.o(i.ethercat_loop)
    ethercat_pdi_init                        0x08005ce9   Thumb Code    82  md_ethercat.o(i.ethercat_pdi_init)
    ethercat_sync0_init                      0x08005d41   Thumb Code    78  md_ethercat.o(i.ethercat_sync0_init)
    ethercat_sync1_init                      0x08005d95   Thumb Code    78  md_ethercat.o(i.ethercat_sync1_init)
    ethercat_timer_init                      0x08005de9   Thumb Code     8  md_ethercat.o(i.ethercat_timer_init)
    free                                     0x08005df1   Thumb Code    76  malloc.o(i.free)
    main                                     0x08005e41   Thumb Code    16  main.o(i.main)
    malloc                                   0x08005e51   Thumb Code    92  malloc.o(i.malloc)
    module_init                              0x08005ebd   Thumb Code     8  md_app.o(i.module_init)
    nvic_configuration                       0x08005ec5   Thumb Code   158  bsp_sys.o(i.nvic_configuration)
    recv_ACK                                 0x08005f65   Thumb Code    56  bootloaderappl.o(i.recv_ACK)
    recv_DATA                                0x08005fa5   Thumb Code    78  bootloaderappl.o(i.recv_DATA)
    recv_RRQ                                 0x08006001   Thumb Code   118  bootloaderappl.o(i.recv_RRQ)
    recv_WRQ                                 0x08006085   Thumb Code    44  bootloaderappl.o(i.recv_WRQ)
    spi_data_rw                              0x080060c1   Thumb Code    52  bsp_spi.o(i.spi_data_rw)
    sysTick_init                             0x080060f9   Thumb Code    88  bsp_systick.o(i.sysTick_init)
    asEntryDesc0x1600                        0x08006160   Data          18  coeappl.o(.constdata)
    aName0x1600                              0x08006172   Data          17  coeappl.o(.constdata)
    asEntryDesc0x1A00                        0x08006184   Data          18  coeappl.o(.constdata)
    aName0x1A00                              0x08006196   Data          17  coeappl.o(.constdata)
    asEntryDesc0x1C12                        0x080061a8   Data          12  coeappl.o(.constdata)
    aName0x1C12                              0x080061b4   Data          27  coeappl.o(.constdata)
    asEntryDesc0x1C13                        0x080061d0   Data          12  coeappl.o(.constdata)
    aName0x1C13                              0x080061dc   Data          27  coeappl.o(.constdata)
    sEntryDesc0x2002                         0x080061f8   Data           6  coeappl.o(.constdata)
    aName0x2002                              0x080061fe   Data           7  coeappl.o(.constdata)
    sEntryDesc0x2003                         0x08006206   Data           6  coeappl.o(.constdata)
    aName0x2003                              0x0800620c   Data           7  coeappl.o(.constdata)
    asEntryDesc0x6000                        0x08006214   Data          12  coeappl.o(.constdata)
    aName0x6000                              0x08006220   Data          15  coeappl.o(.constdata)
    asEntryDesc0x6001                        0x08006230   Data          24  coeappl.o(.constdata)
    aName0x6001                              0x08006248   Data          29  coeappl.o(.constdata)
    asEntryDesc0x7000                        0x08006266   Data          12  coeappl.o(.constdata)
    aName0x7000                              0x08006272   Data           6  coeappl.o(.constdata)
    asEntryDesc0x7001                        0x08006278   Data          24  coeappl.o(.constdata)
    aName0x7001                              0x08006290   Data          29  coeappl.o(.constdata)
    asEntryDesc0xF000                        0x080062ae   Data          18  coeappl.o(.constdata)
    aName0xF000                              0x080062c0   Data          68  coeappl.o(.constdata)
    sEntryDesc0x1000                         0x08006304   Data           6  coeappl.o(.constdata)
    aName0x1000                              0x0800630a   Data          12  coeappl.o(.constdata)
    sEntryDesc0x1001                         0x08006316   Data           6  coeappl.o(.constdata)
    aName0x1001                              0x0800631c   Data          15  coeappl.o(.constdata)
    sEntryDesc0x1008                         0x0800632c   Data           6  coeappl.o(.constdata)
    aName0x1008                              0x08006332   Data          12  coeappl.o(.constdata)
    sEntryDesc0x1009                         0x0800633e   Data           6  coeappl.o(.constdata)
    aName0x1009                              0x08006344   Data          17  coeappl.o(.constdata)
    sEntryDesc0x100A                         0x08006356   Data           6  coeappl.o(.constdata)
    aName0x100A                              0x0800635c   Data          17  coeappl.o(.constdata)
    asEntryDesc0x1018                        0x0800636e   Data          30  coeappl.o(.constdata)
    aName0x1018                              0x0800638c   Data          57  coeappl.o(.constdata)
    asEntryDesc0x10F1                        0x080063c6   Data          18  coeappl.o(.constdata)
    aName0x10F1                              0x080063d8   Data          63  coeappl.o(.constdata)
    sEntryDesc0x10F8                         0x08006418   Data           6  coeappl.o(.constdata)
    aName0x10F8                              0x0800641e   Data          19  coeappl.o(.constdata)
    asEntryDesc0x1C00                        0x08006432   Data          12  coeappl.o(.constdata)
    aName0x1C00                              0x0800643e   Data          18  coeappl.o(.constdata)
    asEntryDesc0x1C3x                        0x08006450   Data         198  coeappl.o(.constdata)
    aName0x1C32                              0x08006516   Data         256  coeappl.o(.constdata)
    aName0x1C33                              0x08006616   Data         255  coeappl.o(.constdata)
    cBitMask                                 0x08006716   Data          32  objdef.o(.constdata)
    cAbortCode                               0x08006738   Data         120  sdoserv.o(.constdata)
    Region$$Table$$Base                      0x080067b0   Number         0  anon$$obj.o(Region$$Table)
    Region$$Table$$Limit                     0x080067d0   Number         0  anon$$obj.o(Region$$Table)
    SystemCoreClock                          0x20000000   Data           4  system_stm32f4xx.o(.data)
    AHBPrescTable                            0x20000004   Data          16  system_stm32f4xx.o(.data)
    u64Timestamp                             0x20000018   Data           8  coeappl.o(.data)
    u32LastDc32Value                         0x20000020   Data           4  coeappl.o(.data)
    u32CheckForDcOverrunCnt                  0x20000024   Data           4  coeappl.o(.data)
    ApplicationObjDic                        0x20000028   Data         480  coeappl.o(.data)
    u32Devicetype                            0x20000208   Data           4  coeappl.o(.data)
    u16ErrorRegister                         0x2000020c   Data           2  coeappl.o(.data)
    acDevicename                             0x2000020e   Data          11  coeappl.o(.data)
    acHardwareversion                        0x20000219   Data           5  coeappl.o(.data)
    acSoftwareversion                        0x2000021e   Data           5  coeappl.o(.data)
    sIdentity                                0x20000224   Data          20  coeappl.o(.data)
    sSyncmanagertype                         0x20000238   Data           6  coeappl.o(.data)
    ObjDicList                               0x20000240   Data           4  coeappl.o(.data)
    GenObjDic                                0x20000244   Data         480  coeappl.o(.data)
    bEcatWaitForInputUpdate                  0x20000424   Data           1  ecatappl.o(.data)
    bEtherCATRunLed                          0x20000425   Data           1  ecatappl.o(.data)
    bEtherCATErrorLed                        0x20000426   Data           1  ecatappl.o(.data)
    bRunApplication                          0x20000427   Data           1  ecatappl.o(.data)
    pAPPL_FoeRead                            0x20000428   Data           4  ecatappl.o(.data)
    pAPPL_FoeReadData                        0x2000042c   Data           4  ecatappl.o(.data)
    pAPPL_FoeError                           0x20000430   Data           4  ecatappl.o(.data)
    pAPPL_FoeWrite                           0x20000434   Data           4  ecatappl.o(.data)
    pAPPL_FoeWriteData                       0x20000438   Data           4  ecatappl.o(.data)
    pAPPL_MainLoop                           0x2000043c   Data           4  ecatappl.o(.data)
    u32CycleTimeStartValue                   0x20000440   Data           4  ecatappl.o(.data)
    u32MinCycleTimeStartValue                0x20000444   Data           4  ecatappl.o(.data)
    u32SystemTimeReadFailure                 0x20000448   Data           4  ecatappl.o(.data)
    bMinCycleTimeMeasurementStarted          0x2000044c   Data           1  ecatappl.o(.data)
    u32MinCycleTimeValue                     0x20000450   Data           4  ecatappl.o(.data)
    bInitFinished                            0x20000454   Data           1  ecatappl.o(.data)
    pCoeSendStored                           0x20000460   Data           4  ecatcoe.o(.data)
    u32PacketNo                              0x20000464   Data           4  ecatfoe.o(.data)
    u32FileOffset                            0x20000468   Data           4  ecatfoe.o(.data)
    u32LastFileOffset                        0x2000046c   Data           4  ecatfoe.o(.data)
    u16FileAccessState                       0x20000470   Data           2  ecatfoe.o(.data)
    pFoeSendStored                           0x20000474   Data           4  ecatfoe.o(.data)
    u16FoeMaxSendBlockSize                   0x20000478   Data           2  ecatfoe.o(.data)
    EscALEvent                               0x2000047a   Data           2  ecatport.o(.data)
    bBootMode                                0x2000047c   Data           1  ecatslv.o(.data)
    bEcatOutputUpdateRunning                 0x2000047d   Data           1  ecatslv.o(.data)
    bEcatInputUpdateRunning                  0x2000047e   Data           1  ecatslv.o(.data)
    bEcatFirstOutputsReceived                0x2000047f   Data           1  ecatslv.o(.data)
    bWdTrigger                               0x20000480   Data           1  ecatslv.o(.data)
    bDcSyncActive                            0x20000481   Data           1  ecatslv.o(.data)
    EsmTimeoutCounter                        0x20000482   Data           2  ecatslv.o(.data)
    bDcRunning                               0x20000484   Data           1  ecatslv.o(.data)
    u16SmSync0Counter                        0x20000486   Data           2  ecatslv.o(.data)
    u16SmSync0Value                          0x20000488   Data           2  ecatslv.o(.data)
    bSmSyncSequenceValid                     0x2000048a   Data           1  ecatslv.o(.data)
    i16WaitForPllRunningTimeout              0x2000048c   Data           2  ecatslv.o(.data)
    i16WaitForPllRunningCnt                  0x2000048e   Data           2  ecatslv.o(.data)
    Sync0WdCounter                           0x20000490   Data           2  ecatslv.o(.data)
    Sync0WdValue                             0x20000492   Data           2  ecatslv.o(.data)
    Sync1WdCounter                           0x20000494   Data           2  ecatslv.o(.data)
    Sync1WdValue                             0x20000496   Data           2  ecatslv.o(.data)
    LatchInputSync0Value                     0x20000498   Data           2  ecatslv.o(.data)
    LatchInputSync0Counter                   0x2000049a   Data           2  ecatslv.o(.data)
    b32BitDc                                 0x2000049c   Data           1  ecatslv.o(.data)
    bEscIntEnabled                           0x2000049d   Data           1  ecatslv.o(.data)
    b3BufferMode                             0x2000049e   Data           1  ecatslv.o(.data)
    bLocalErrorFlag                          0x2000049f   Data           1  ecatslv.o(.data)
    u16LocalErrorCode                        0x200004a0   Data           2  ecatslv.o(.data)
    bApplEsmPending                          0x200004a2   Data           1  ecatslv.o(.data)
    bEcatWaitForAlControlRes                 0x200004a3   Data           1  ecatslv.o(.data)
    nEcatStateTrans                          0x200004a4   Data           2  ecatslv.o(.data)
    u8EcatErrorLed                           0x200004a6   Data           1  ecatslv.o(.data)
    u8EcatRunLed                             0x200004a7   Data           1  ecatslv.o(.data)
    nPdInputSize                             0x200004a8   Data           2  ecatslv.o(.data)
    nPdOutputSize                            0x200004aa   Data           2  ecatslv.o(.data)
    nMaxSyncMan                              0x200004ac   Data           1  ecatslv.o(.data)
    nMaxEscAddress                           0x200004ae   Data           2  ecatslv.o(.data)
    nAlStatus                                0x200004b0   Data           1  ecatslv.o(.data)
    EcatWdValue                              0x200004b2   Data           2  ecatslv.o(.data)
    nEscAddrOutputData                       0x200004b4   Data           2  ecatslv.o(.data)
    nEscAddrInputData                        0x200004b6   Data           2  ecatslv.o(.data)
    u16ALEventMask                           0x200004b8   Data           2  ecatslv.o(.data)
    u16dummy                                 0x200004ba   Data           2  ecatslv.o(.data)
    SMActivate                               0x200004bc   Data           2  ecatslv.o(.data)
    SyncManInfo                              0x200004be   Data           8  ecatslv.o(.data)
    EepromLoaded                             0x200004c6   Data           1  ecatslv.o(.data)
    bReceiveMbxIsLocked                      0x200004c8   Data           1  mailbox.o(.data)
    bSendMbxIsFull                           0x200004c9   Data           1  mailbox.o(.data)
    bMbxRunning                              0x200004ca   Data           1  mailbox.o(.data)
    bMbxRepeatToggle                         0x200004cb   Data           1  mailbox.o(.data)
    u16SendMbxSize                           0x200004cc   Data           2  mailbox.o(.data)
    u16ReceiveMbxSize                        0x200004ce   Data           2  mailbox.o(.data)
    u16EscAddrReceiveMbx                     0x200004d0   Data           2  mailbox.o(.data)
    u16EscAddrSendMbx                        0x200004d2   Data           2  mailbox.o(.data)
    u8MbxWriteCounter                        0x200004d4   Data           1  mailbox.o(.data)
    u8MbxReadCounter                         0x200004d5   Data           1  mailbox.o(.data)
    u8MailboxSendReqStored                   0x200004d6   Data           1  mailbox.o(.data)
    psWriteMbx                               0x200004d8   Data           4  mailbox.o(.data)
    psReadMbx                                0x200004dc   Data           4  mailbox.o(.data)
    psRepeatMbx                              0x200004e0   Data           4  mailbox.o(.data)
    psStoreMbx                               0x200004e4   Data           4  mailbox.o(.data)
    bNoMbxMemoryAvailable                    0x200004e8   Data           1  mailbox.o(.data)
    RPDO0x1600                               0x200004ec   Data          12  myapp.o(.data)
    TPDO0x1A00                               0x200004f8   Data          12  myapp.o(.data)
    sRxPDOassign                             0x20000504   Data           4  myapp.o(.data)
    sTxPDOassign                             0x20000508   Data           4  myapp.o(.data)
    Res10x2002                               0x2000050c   Data           1  myapp.o(.data)
    Res20x2003                               0x2000050d   Data           1  myapp.o(.data)
    DigtalInput0x6000                        0x2000050e   Data           4  myapp.o(.data)
    SENDDATA0x6001                           0x20000514   Data          16  myapp.o(.data)
    LED0x7000                                0x20000524   Data           4  myapp.o(.data)
    RECVDATA0x7001                           0x20000528   Data          16  myapp.o(.data)
    ModularDeviceProfile0xF000               0x20000538   Data           6  myapp.o(.data)
    bSyncSetByUser                           0x20000550   Data           1  objdef.o(.data)
    sCycleDiag                               0x20000552   Data           2  objdef.o(.data)
    sErrorSettings                           0x20000554   Data          12  objdef.o(.data)
    aSubindexDesc                            0x20000560   Data          13  objdef.o(.data)
    u8PendingSdo                             0x20000570   Data           1  sdoserv.o(.data)
    bStoreCompleteAccess                     0x20000571   Data           1  sdoserv.o(.data)
    u8StoreSubindex                          0x20000572   Data           1  sdoserv.o(.data)
    u16StoreIndex                            0x20000574   Data           2  sdoserv.o(.data)
    u32StoreDataSize                         0x20000578   Data           4  sdoserv.o(.data)
    pStoreData                               0x2000057c   Data           4  sdoserv.o(.data)
    pSdoPendFunc                             0x20000580   Data           4  sdoserv.o(.data)
    pSdoSegData                              0x20000584   Data           4  sdoserv.o(.data)
    nSdoInfoFragmentsLeft                    0x20000588   Data           2  sdoserv.o(.data)
    nSdoInfoIndex                            0x2000058a   Data           2  sdoserv.o(.data)
    pSdoInfoObjEntry                         0x2000058c   Data           4  sdoserv.o(.data)
    pSdoResStored                            0x20000590   Data           4  sdoserv.o(.data)
    bSdoInWork                               0x20000594   Data           1  sdoserv.o(.data)
    nSdoSegService                           0x20000595   Data           1  sdoserv.o(.data)
    bSdoSegFollows                           0x20000596   Data           1  sdoserv.o(.data)
    bSdoSegAccess                            0x20000597   Data           1  sdoserv.o(.data)
    nSdoSegIndex                             0x20000598   Data           2  sdoserv.o(.data)
    nSdoSegSubindex                          0x2000059a   Data           1  sdoserv.o(.data)
    nSdoSegBytesToHandle                     0x2000059c   Data           4  sdoserv.o(.data)
    bSdoSegLastToggle                        0x200005a0   Data           1  sdoserv.o(.data)
    nSdoSegCompleteSize                      0x200005a4   Data           4  sdoserv.o(.data)
    pSdoSegObjEntry                          0x200005a8   Data           4  sdoserv.o(.data)
    nFileWriteOffset                         0x200005ac   Data           4  bootloaderappl.o(.data)
    u32FileSize                              0x200005b0   Data           4  bootloaderappl.o(.data)
    u32Appaddr                               0x200005b4   Data           4  bootloaderappl.o(.data)
    __microlib_freelist                      0x200005b8   Data           4  mvars.o(.data)
    __microlib_freelist_initialised          0x200005bc   Data           4  mvars.o(.data)
    aPdOutputData                            0x200005c0   Data          68  ecatappl.o(.bss)
    aPdInputData                             0x20000604   Data          68  ecatappl.o(.bss)
    sMbxSendQueue                            0x20000648   Data          52  mailbox.o(.bss)
    sMbxReceiveQueue                         0x2000067c   Data          52  mailbox.o(.bss)
    sSyncManOutPar                           0x200006b0   Data          68  objdef.o(.bss)
    sSyncManInPar                            0x200006f4   Data          68  objdef.o(.bss)
    aSdoInfoHeader                           0x20000738   Data          16  sdoserv.o(.bss)
    aFileName                                0x20000748   Data          20  bootloaderappl.o(.bss)
    foemotordata                             0x2000075c   Data        2048  bootloaderappl.o(.bss)
    __heap_base                              0x20000f60   Data           0  startup_stm32f40_41xxx.o(HEAP)
    __heap_limit                             0x20001760   Data           0  startup_stm32f40_41xxx.o(HEAP)
    __initial_sp                             0x20001f60   Data           0  startup_stm32f40_41xxx.o(STACK)



==============================================================================

Memory Map of the image

  Image Entry point : 0x08000189

  Load Region LR_IROM1 (Base: 0x08000000, Size: 0x00006d90, Max: 0x00100000, ABSOLUTE, COMPRESSED[0x000069a4])

    Execution Region ER_IROM1 (Base: 0x08000000, Size: 0x000067d0, Max: 0x00100000, ABSOLUTE)

    Base Addr    Size         Type   Attr      Idx    E Section Name        Object

    0x08000000   0x00000188   Data   RO            3    RESET               startup_stm32f40_41xxx.o
    0x08000188   0x00000000   Code   RO         4523  * .ARM.Collect$$$$00000000  mc_w.l(entry.o)
    0x08000188   0x00000004   Code   RO         4562    .ARM.Collect$$$$00000001  mc_w.l(entry2.o)
    0x0800018c   0x00000004   Code   RO         4565    .ARM.Collect$$$$00000004  mc_w.l(entry5.o)
    0x08000190   0x00000000   Code   RO         4567    .ARM.Collect$$$$00000008  mc_w.l(entry7b.o)
    0x08000190   0x00000000   Code   RO         4569    .ARM.Collect$$$$0000000A  mc_w.l(entry8b.o)
    0x08000190   0x00000008   Code   RO         4570    .ARM.Collect$$$$0000000B  mc_w.l(entry9a.o)
    0x08000198   0x00000000   Code   RO         4572    .ARM.Collect$$$$0000000D  mc_w.l(entry10a.o)
    0x08000198   0x00000000   Code   RO         4574    .ARM.Collect$$$$0000000F  mc_w.l(entry11a.o)
    0x08000198   0x00000004   Code   RO         4563    .ARM.Collect$$$$00002712  mc_w.l(entry2.o)
    0x0800019c   0x00000024   Code   RO            4    .text               startup_stm32f40_41xxx.o
    0x080001c0   0x00000024   Code   RO         4526    .text               mc_w.l(memcpya.o)
    0x080001e4   0x00000024   Code   RO         4528    .text               mc_w.l(memseta.o)
    0x08000208   0x0000000e   Code   RO         4530    .text               mc_w.l(strlen.o)
    0x08000216   0x00000002   PAD
    0x08000218   0x00000024   Code   RO         4578    .text               mc_w.l(init.o)
    0x0800023c   0x00000056   Code   RO         4588    .text               mc_w.l(__dczerorl2.o)
    0x08000292   0x00000002   PAD
    0x08000294   0x000004fc   Code   RO         3876    i.AL_ControlInd     ecatslv.o
    0x08000790   0x00000220   Code   RO         3877    i.AL_ControlRes     ecatslv.o
    0x080009b0   0x00000002   Code   RO         4229    i.APPL_AckErrorInd  myapp.o
    0x080009b2   0x00000002   Code   RO         4230    i.APPL_Application  myapp.o
    0x080009b4   0x0000010c   Code   RO         4231    i.APPL_GenerateMapping  myapp.o
    0x08000ac0   0x00000050   Code   RO         4232    i.APPL_InputMapping  myapp.o
    0x08000b10   0x00000044   Code   RO         4233    i.APPL_OutputMapping  myapp.o
    0x08000b54   0x00000006   Code   RO         4234    i.APPL_StartInputHandler  myapp.o
    0x08000b5a   0x00000004   Code   RO         4235    i.APPL_StartMailboxHandler  myapp.o
    0x08000b5e   0x00000004   Code   RO         4236    i.APPL_StartOutputHandler  myapp.o
    0x08000b62   0x00000004   Code   RO         4237    i.APPL_StopInputHandler  myapp.o
    0x08000b66   0x00000004   Code   RO         4238    i.APPL_StopMailboxHandler  myapp.o
    0x08000b6a   0x00000004   Code   RO         4239    i.APPL_StopOutputHandler  myapp.o
    0x08000b6e   0x00000028   Code   RO         3455    i.AddObjectsToObjDictionary  coeappl.o
    0x08000b96   0x00000002   PAD
    0x08000b98   0x0000003c   Code   RO         3753    i.AddressingEsc     ecatport.o
    0x08000bd4   0x00000002   Code   RO         3414    i.BL_Start          bootmode.o
    0x08000bd6   0x00000002   Code   RO         3416    i.BL_Stop           bootmode.o
    0x08000bd8   0x0000000c   Code   RO         3878    i.BackToInitTransition  ecatslv.o
    0x08000be4   0x00000004   Code   RO          153    i.BusFault_Handler  stm32f4xx_it.o
    0x08000be8   0x00000090   Code   RO         3456    i.COE_AddObjectToDic  coeappl.o
    0x08000c78   0x00000024   Code   RO         3457    i.COE_ClearObjDictionary  coeappl.o
    0x08000c9c   0x00000048   Code   RO         3679    i.COE_ContinueInd   ecatcoe.o
    0x08000ce4   0x0000000c   Code   RO         3458    i.COE_GetObjectDictionary  coeappl.o
    0x08000cf0   0x00000014   Code   RO         3680    i.COE_Init          ecatcoe.o
    0x08000d04   0x000000bc   Code   RO         3459    i.COE_Main          coeappl.o
    0x08000dc0   0x00000030   Code   RO         3460    i.COE_ObjDictionaryInit  coeappl.o
    0x08000df0   0x000000fc   Code   RO         3461    i.COE_ObjInit       coeappl.o
    0x08000eec   0x00000044   Code   RO         3462    i.COE_RemoveDicEntry  coeappl.o
    0x08000f30   0x00000048   Code   RO         3681    i.COE_ServiceInd    ecatcoe.o
    0x08000f78   0x00000078   Code   RO         3463    i.COE_SyncTimeStamp  coeappl.o
    0x08000ff0   0x0000005c   Code   RO         3464    i.COE_UpdateSyncErrorStatus  coeappl.o
    0x0800104c   0x00000094   Code   RO         3879    i.CheckIfEcatError  ecatslv.o
    0x080010e0   0x00000280   Code   RO         3880    i.CheckSmSettings   ecatslv.o
    0x08001360   0x00000104   Code   RO         4318    i.CheckSyncTypeValue  objdef.o
    0x08001464   0x00000100   Code   RO         3881    i.DC_CheckWatchdog  ecatslv.o
    0x08001564   0x00000002   Code   RO          154    i.DebugMon_Handler  stm32f4xx_it.o
    0x08001566   0x00000034   Code   RO         3882    i.DisableSyncManChannel  ecatslv.o
    0x0800159a   0x00000002   PAD
    0x0800159c   0x00000034   Code   RO         3553    i.ECAT_Application  ecatappl.o
    0x080015d0   0x00000088   Code   RO         3554    i.ECAT_CheckTimer   ecatappl.o
    0x08001658   0x00000134   Code   RO         3883    i.ECAT_Init         ecatslv.o
    0x0800178c   0x0000015c   Code   RO         3884    i.ECAT_Main         ecatslv.o
    0x080018e8   0x00000274   Code   RO         3555    i.ECAT_SetLedIndication  ecatappl.o
    0x08001b5c   0x0000000e   Code   RO         3754    i.EXTI0_IRQHandler  ecatport.o
    0x08001b6a   0x0000000e   Code   RO         3755    i.EXTI1_IRQHandler  ecatport.o
    0x08001b78   0x00000010   Code   RO         3756    i.EXTI9_5_IRQHandler  ecatport.o
    0x08001b88   0x0000000c   Code   RO          687    i.EXTI_ClearITPendingBit  stm32f4xx_exti.o
    0x08001b94   0x00000094   Code   RO          692    i.EXTI_Init         stm32f4xx_exti.o
    0x08001c28   0x00000032   Code   RO         3886    i.EnableSyncManChannel  ecatslv.o
    0x08001c5a   0x00000002   PAD
    0x08001c5c   0x0000002c   Code   RO         4045    i.FOE_Ack           foeappl.o
    0x08001c88   0x00000012   Code   RO         4046    i.FOE_Busy          foeappl.o
    0x08001c9a   0x00000002   PAD
    0x08001c9c   0x00000020   Code   RO         3715    i.FOE_ContinueInd   ecatfoe.o
    0x08001cbc   0x00000050   Code   RO         4047    i.FOE_Data          foeappl.o
    0x08001d0c   0x00000018   Code   RO         4048    i.FOE_Error         foeappl.o
    0x08001d24   0x0000001c   Code   RO         3716    i.FOE_Init          ecatfoe.o
    0x08001d40   0x00000038   Code   RO         4049    i.FOE_Read          foeappl.o
    0x08001d78   0x000002dc   Code   RO         3717    i.FOE_ServiceInd    ecatfoe.o
    0x08002054   0x00000028   Code   RO         4050    i.FOE_Write         foeappl.o
    0x0800207c   0x00000090   Code   RO          749    i.GPIO_Init         stm32f4xx_gpio.o
    0x0800210c   0x00000046   Code   RO          750    i.GPIO_PinAFConfig  stm32f4xx_gpio.o
    0x08002152   0x00000004   Code   RO          756    i.GPIO_ResetBits    stm32f4xx_gpio.o
    0x08002156   0x00000004   Code   RO          757    i.GPIO_SetBits      stm32f4xx_gpio.o
    0x0800215a   0x00000002   PAD
    0x0800215c   0x00000030   Code   RO         3757    i.GetInterruptRegister  ecatport.o
    0x0800218c   0x0000002e   Code   RO         4117    i.GetOutOfMbxQueue  mailbox.o
    0x080021ba   0x00000002   PAD
    0x080021bc   0x0000001c   Code   RO         3887    i.GetSyncMan        ecatslv.o
    0x080021d8   0x0000004c   Code   RO         3556    i.GetSystemTimeDelay  ecatappl.o
    0x08002224   0x0000004c   Code   RO         3758    i.HW_EscRead        ecatport.o
    0x08002270   0x00000050   Code   RO         3759    i.HW_EscReadIsr     ecatport.o
    0x080022c0   0x0000004c   Code   RO         3760    i.HW_EscWrite       ecatport.o
    0x0800230c   0x00000044   Code   RO         3761    i.HW_EscWriteIsr    ecatport.o
    0x08002350   0x00000010   Code   RO         3762    i.HW_GetALEventRegister  ecatport.o
    0x08002360   0x00000010   Code   RO         3763    i.HW_GetALEventRegister_Isr  ecatport.o
    0x08002370   0x00000070   Code   RO         3764    i.HW_Init           ecatport.o
    0x080023e0   0x00000002   Code   RO         3767    i.HW_SetLed         ecatport.o
    0x080023e2   0x00000002   PAD
    0x080023e4   0x00000068   Code   RO         3557    i.HandleCycleTimeMeasurement  ecatappl.o
    0x0800244c   0x0000002c   Code   RO         3768    i.ISR_GetInterruptRegister  ecatport.o
    0x08002478   0x0000011c   Code   RO         4118    i.MBX_CheckAndCopyMailbox  mailbox.o
    0x08002594   0x000000d8   Code   RO         4119    i.MBX_CopyToSendMailbox  mailbox.o
    0x0800266c   0x000000cc   Code   RO         4120    i.MBX_Init          mailbox.o
    0x08002738   0x000000c8   Code   RO         4121    i.MBX_MailboxReadInd  mailbox.o
    0x08002800   0x00000068   Code   RO         4122    i.MBX_MailboxRepeatReq  mailbox.o
    0x08002868   0x00000094   Code   RO         4123    i.MBX_MailboxSendReq  mailbox.o
    0x080028fc   0x0000007c   Code   RO         4124    i.MBX_MailboxWriteInd  mailbox.o
    0x08002978   0x00000050   Code   RO         4125    i.MBX_Main          mailbox.o
    0x080029c8   0x000000d8   Code   RO         4126    i.MBX_StartMailboxHandler  mailbox.o
    0x08002aa0   0x0000011c   Code   RO         4127    i.MBX_StopMailboxHandler  mailbox.o
    0x08002bbc   0x0000004c   Code   RO         4128    i.MailboxServiceInd  mailbox.o
    0x08002c08   0x000000ec   Code   RO         3558    i.MainInit          ecatappl.o
    0x08002cf4   0x000000e0   Code   RO         3559    i.MainLoop          ecatappl.o
    0x08002dd4   0x00000004   Code   RO          155    i.MemManage_Handler  stm32f4xx_it.o
    0x08002dd8   0x00000002   Code   RO          156    i.NMI_Handler       stm32f4xx_it.o
    0x08002dda   0x00000002   PAD
    0x08002ddc   0x00000018   Code   RO         3888    i.NVIC_DisableIRQ   ecatslv.o
    0x08002df4   0x00000016   Code   RO         3889    i.NVIC_EnableIRQ    ecatslv.o
    0x08002e0a   0x00000002   PAD
    0x08002e0c   0x00000078   Code   RO          284    i.NVIC_Init         misc.o
    0x08002e84   0x00000014   Code   RO          285    i.NVIC_PriorityGroupConfig  misc.o
    0x08002e98   0x0000003c   Code   RO         4319    i.OBJ_CopyNumberToString  objdef.o
    0x08002ed4   0x000000d8   Code   RO         4320    i.OBJ_GetDesc       objdef.o
    0x08002fac   0x00000026   Code   RO         4321    i.OBJ_GetEntryDesc  objdef.o
    0x08002fd2   0x00000106   Code   RO         4322    i.OBJ_GetEntryOffset  objdef.o
    0x080030d8   0x00000064   Code   RO         4323    i.OBJ_GetNoOfObjects  objdef.o
    0x0800313c   0x00000008   Code   RO         4324    i.OBJ_GetObjDesc    objdef.o
    0x08003144   0x00000020   Code   RO         4325    i.OBJ_GetObjectHandle  objdef.o
    0x08003164   0x0000009c   Code   RO         4326    i.OBJ_GetObjectLength  objdef.o
    0x08003200   0x000000bc   Code   RO         4327    i.OBJ_GetObjectList  objdef.o
    0x080032bc   0x00000474   Code   RO         4328    i.OBJ_Read          objdef.o
    0x08003730   0x0000051e   Code   RO         4329    i.OBJ_Write         objdef.o
    0x08003c4e   0x00000002   PAD
    0x08003c50   0x00000118   Code   RO         3560    i.PDI_Isr           ecatappl.o
    0x08003d68   0x0000007c   Code   RO         3561    i.PDO_InputMapping  ecatappl.o
    0x08003de4   0x00000094   Code   RO         3562    i.PDO_OutputMapping  ecatappl.o
    0x08003e78   0x00000002   Code   RO          157    i.PendSV_Handler    stm32f4xx_it.o
    0x08003e7a   0x0000002c   Code   RO         4129    i.PutInMbxQueue     mailbox.o
    0x08003ea6   0x00000002   PAD
    0x08003ea8   0x00000020   Code   RO          846    i.RCC_AHB1PeriphClockCmd  stm32f4xx_rcc.o
    0x08003ec8   0x00000020   Code   RO          855    i.RCC_APB1PeriphClockCmd  stm32f4xx_rcc.o
    0x08003ee8   0x00000020   Code   RO          857    i.RCC_APB1PeriphResetCmd  stm32f4xx_rcc.o
    0x08003f08   0x00000020   Code   RO          858    i.RCC_APB2PeriphClockCmd  stm32f4xx_rcc.o
    0x08003f28   0x00000020   Code   RO          860    i.RCC_APB2PeriphResetCmd  stm32f4xx_rcc.o
    0x08003f48   0x00000050   Code   RO         3465    i.Read0x10F8        coeappl.o
    0x08003f98   0x00000032   Code   RO         3890    i.ResetALEventMask  ecatslv.o
    0x08003fca   0x00000002   PAD
    0x08003fcc   0x00000458   Code   RO         4413    i.SDOS_SdoInd       sdoserv.o
    0x08004424   0x000002e4   Code   RO         4414    i.SDOS_SdoInfoInd   sdoserv.o
    0x08004708   0x000000ec   Code   RO         4415    i.SDOS_SdoRes       sdoserv.o
    0x080047f4   0x000000b0   Code   RO         4416    i.SODS_ClearPendingResponse  sdoserv.o
    0x080048a4   0x00000018   Code   RO         1540    i.SPI_Cmd           stm32f4xx_spi.o
    0x080048bc   0x000000b0   Code   RO         1547    i.SPI_I2S_DeInit    stm32f4xx_spi.o
    0x0800496c   0x00000012   Code   RO         1548    i.SPI_I2S_GetFlagStatus  stm32f4xx_spi.o
    0x0800497e   0x00000006   Code   RO         1551    i.SPI_I2S_ReceiveData  stm32f4xx_spi.o
    0x08004984   0x00000004   Code   RO         1552    i.SPI_I2S_SendData  stm32f4xx_spi.o
    0x08004988   0x0000003c   Code   RO         1553    i.SPI_Init          stm32f4xx_spi.o
    0x080049c4   0x00000002   Code   RO          158    i.SVC_Handler       stm32f4xx_it.o
    0x080049c6   0x00000002   PAD
    0x080049c8   0x00000040   Code   RO         2451    i.SYSCFG_EXTILineConfig  stm32f4xx_syscfg.o
    0x08004a08   0x000002a4   Code   RO         4417    i.SdoDownloadSegmentInd  sdoserv.o
    0x08004cac   0x000000e0   Code   RO         4418    i.SdoRes            sdoserv.o
    0x08004d8c   0x000001a0   Code   RO         4419    i.SdoUploadSegmentInd  sdoserv.o
    0x08004f2c   0x00000032   Code   RO         3891    i.SetALEventMask    ecatslv.o
    0x08004f5e   0x00000002   PAD
    0x08004f60   0x00000094   Code   RO         3892    i.SetALStatus       ecatslv.o
    0x08004ff4   0x000000ec   Code   RO          247    i.SetSysClock       system_stm32f4xx.o
    0x080050e0   0x00000620   Code   RO         3893    i.StartInputHandler  ecatslv.o
    0x08005700   0x00000054   Code   RO         3894    i.StartOutputHandler  ecatslv.o
    0x08005754   0x000000e0   Code   RO         3895    i.StopInputHandler  ecatslv.o
    0x08005834   0x00000014   Code   RO         3896    i.StopOutputHandler  ecatslv.o
    0x08005848   0x00000134   Code   RO         3563    i.Sync0_Isr         ecatappl.o
    0x0800597c   0x0000003c   Code   RO         3564    i.Sync1_Isr         ecatappl.o
    0x080059b8   0x00000008   Code   RO          159    i.SysTick_Handler   stm32f4xx_it.o
    0x080059c0   0x00000068   Code   RO          249    i.SystemInit        system_stm32f4xx.o
    0x08005a28   0x00000014   Code   RO         3769    i.TIM1_UP_TIM10_IRQHandler  ecatport.o
    0x08005a3c   0x00000006   Code   RO         1708    i.TIM_ClearFlag     stm32f4xx_tim.o
    0x08005a42   0x00000006   Code   RO         1709    i.TIM_ClearITPendingBit  stm32f4xx_tim.o
    0x08005a48   0x00000018   Code   RO         1714    i.TIM_Cmd           stm32f4xx_tim.o
    0x08005a60   0x00000012   Code   RO         1739    i.TIM_ITConfig      stm32f4xx_tim.o
    0x08005a72   0x00000002   PAD
    0x08005a74   0x00000084   Code   RO         1786    i.TIM_TimeBaseInit  stm32f4xx_tim.o
    0x08005af8   0x00000018   Code   RO         3184    i.TimingDelay_Decrement  bsp_systick.o
    0x08005b10   0x00000044   Code   RO         3897    i.UpdateEEPROMLoadedState  ecatslv.o
    0x08005b54   0x00000004   Code   RO          160    i.UsageFault_Handler  stm32f4xx_it.o
    0x08005b58   0x0000000e   Code   RO         4582    i.__scatterload_copy  mc_w.l(handlers.o)
    0x08005b66   0x00000002   Code   RO         4583    i.__scatterload_null  mc_w.l(handlers.o)
    0x08005b68   0x0000000e   Code   RO         4584    i.__scatterload_zeroinit  mc_w.l(handlers.o)
    0x08005b76   0x00000010   Code   RO         3280    i.bsp_init          md_app.o
    0x08005b86   0x00000002   PAD
    0x08005b88   0x000000f4   Code   RO         3251    i.bsp_spi3_init     bsp_spi.o
    0x08005c7c   0x0000004c   Code   RO         3228    i.bsp_time1_init    bsp_time.o
    0x08005cc8   0x0000000c   Code   RO         3306    i.ethercat_data_rw  md_ethercat.o
    0x08005cd4   0x0000000c   Code   RO         3307    i.ethercat_init     md_ethercat.o
    0x08005ce0   0x00000008   Code   RO         3308    i.ethercat_loop     md_ethercat.o
    0x08005ce8   0x00000058   Code   RO         3309    i.ethercat_pdi_init  md_ethercat.o
    0x08005d40   0x00000054   Code   RO         3310    i.ethercat_sync0_init  md_ethercat.o
    0x08005d94   0x00000054   Code   RO         3311    i.ethercat_sync1_init  md_ethercat.o
    0x08005de8   0x00000008   Code   RO         3312    i.ethercat_timer_init  md_ethercat.o
    0x08005df0   0x00000050   Code   RO         4534    i.free              mc_w.l(malloc.o)
    0x08005e40   0x00000010   Code   RO           12    i.main              main.o
    0x08005e50   0x0000006c   Code   RO         4535    i.malloc            mc_w.l(malloc.o)
    0x08005ebc   0x00000008   Code   RO         3281    i.module_init       md_app.o
    0x08005ec4   0x0000009e   Code   RO         3161    i.nvic_configuration  bsp_sys.o
    0x08005f62   0x00000002   PAD
    0x08005f64   0x00000040   Code   RO         4480    i.recv_ACK          bootloaderappl.o
    0x08005fa4   0x0000005c   Code   RO         4481    i.recv_DATA         bootloaderappl.o
    0x08006000   0x00000084   Code   RO         4482    i.recv_RRQ          bootloaderappl.o
    0x08006084   0x0000003c   Code   RO         4483    i.recv_WRQ          bootloaderappl.o
    0x080060c0   0x00000038   Code   RO         3252    i.spi_data_rw       bsp_spi.o
    0x080060f8   0x00000068   Code   RO         3187    i.sysTick_init      bsp_systick.o
    0x08006160   0x000005b5   Data   RO         3466    .constdata          coeappl.o
    0x08006715   0x00000001   PAD
    0x08006716   0x00000020   Data   RO         4331    .constdata          objdef.o
    0x08006736   0x00000002   PAD
    0x08006738   0x00000078   Data   RO         4421    .constdata          sdoserv.o
    0x080067b0   0x00000020   Data   RO         4580    Region$$Table       anon$$obj.o


    Execution Region RW_IRAM1 (Base: 0x20000000, Size: 0x00001f60, Max: 0x00020000, ABSOLUTE, COMPRESSED[0x000001d4])

    Base Addr    Size         Type   Attr      Idx    E Section Name        Object

    0x20000000   0x00000014   Data   RW          250    .data               system_stm32f4xx.o
    0x20000014   0x00000004   Data   RW         3188    .data               bsp_systick.o
    0x20000018   0x0000040c   Data   RW         3467    .data               coeappl.o
    0x20000424   0x0000003a   Data   RW         3566    .data               ecatappl.o
    0x2000045e   0x00000002   PAD
    0x20000460   0x00000004   Data   RW         3682    .data               ecatcoe.o
    0x20000464   0x00000016   Data   RW         3718    .data               ecatfoe.o
    0x2000047a   0x00000002   Data   RW         3770    .data               ecatport.o
    0x2000047c   0x0000004b   Data   RW         3898    .data               ecatslv.o
    0x200004c7   0x00000001   PAD
    0x200004c8   0x00000021   Data   RW         4131    .data               mailbox.o
    0x200004e9   0x00000003   PAD
    0x200004ec   0x00000062   Data   RW         4240    .data               myapp.o
    0x2000054e   0x00000002   PAD
    0x20000550   0x0000001d   Data   RW         4332    .data               objdef.o
    0x2000056d   0x00000003   PAD
    0x20000570   0x0000003c   Data   RW         4422    .data               sdoserv.o
    0x200005ac   0x0000000c   Data   RW         4485    .data               bootloaderappl.o
    0x200005b8   0x00000004   Data   RW         4576    .data               mc_w.l(mvars.o)
    0x200005bc   0x00000004   Data   RW         4577    .data               mc_w.l(mvars.o)
    0x200005c0   0x00000088   Zero   RW         3565    .bss                ecatappl.o
    0x20000648   0x00000068   Zero   RW         4130    .bss                mailbox.o
    0x200006b0   0x00000088   Zero   RW         4330    .bss                objdef.o
    0x20000738   0x00000010   Zero   RW         4420    .bss                sdoserv.o
    0x20000748   0x00000814   Zero   RW         4484    .bss                bootloaderappl.o
    0x20000f5c   0x00000004   PAD
    0x20000f60   0x00000800   Zero   RW            2    HEAP                startup_stm32f40_41xxx.o
    0x20001760   0x00000800   Zero   RW            1    STACK               startup_stm32f40_41xxx.o


==============================================================================

Image component sizes


      Code (inc. data)   RO Data    RW Data    ZI Data      Debug   Object Name

       348         52          0         12       2068       4362   bootloaderappl.o
         4          0          0          0          0       3561   bootmode.o
       300         16          0          0          0       1294   bsp_spi.o
       158          0          0          0          0        625   bsp_sys.o
       128         22          0          4          0      28074   bsp_systick.o
        76          4          0          0          0        557   bsp_time.o
      1080        162       1461       1036          0      13192   coeappl.o
      2376        392          0         58        136      50640   ecatappl.o
       164         28          0          4          0       3219   ecatcoe.o
       792         58          0         22          0       5329   ecatfoe.o
       662         60          0          2          0      37176   ecatport.o
      5920        704          0         75          0      19668   ecatslv.o
       262         38          0          0          0       4247   foeappl.o
      2026        312          0         33        104      12725   mailbox.o
        16          0          0          0          0     271187   main.o
        24          0          0          0          0        985   md_app.o
       296         18          0          0          0      23511   md_ethercat.o
       140         24          0          0          0       1479   misc.o
       446         30          0         98          0       9132   myapp.o
      3770        134         32         29        136      18375   objdef.o
      3580        328        120         60         16      23859   sdoserv.o
        36          8        392          0       4096        852   startup_stm32f40_41xxx.o
       160         12          0          0          0       1441   stm32f4xx_exti.o
       222          0          0          0          0       2783   stm32f4xx_gpio.o
        28          0          0          0          0       3490   stm32f4xx_it.o
       160         30          0          0          0       2865   stm32f4xx_rcc.o
       288         24          0          0          0       4007   stm32f4xx_spi.o
        64          4          0          0          0        636   stm32f4xx_syscfg.o
       186         28          0          0          0       3412   stm32f4xx_tim.o
       340         32          0         20          0       1673   system_stm32f4xx.o

    ----------------------------------------------------------------------
     24086       2520       2040       1464       6560     554356   Object Totals
         0          0         32          0          0          0   (incl. Generated)
        34          0          3         11          4          0   (incl. Padding)

    ----------------------------------------------------------------------

      Code (inc. data)   RO Data    RW Data    ZI Data      Debug   Library Member Name

        86          0          0          0          0          0   __dczerorl2.o
         0          0          0          0          0          0   entry.o
         0          0          0          0          0          0   entry10a.o
         0          0          0          0          0          0   entry11a.o
         8          4          0          0          0          0   entry2.o
         4          0          0          0          0          0   entry5.o
         0          0          0          0          0          0   entry7b.o
         0          0          0          0          0          0   entry8b.o
         8          4          0          0          0          0   entry9a.o
        30          0          0          0          0          0   handlers.o
        36          8          0          0          0         68   init.o
       188         20          0          0          0        160   malloc.o
        36          0          0          0          0         68   memcpya.o
        36          0          0          0          0        108   memseta.o
         0          0          0          8          0          0   mvars.o
        14          0          0          0          0         68   strlen.o

    ----------------------------------------------------------------------
       450         36          0          8          0        472   Library Totals
         4          0          0          0          0          0   (incl. Padding)

    ----------------------------------------------------------------------

      Code (inc. data)   RO Data    RW Data    ZI Data      Debug   Library Name

       446         36          0          8          0        472   mc_w.l

    ----------------------------------------------------------------------
       450         36          0          8          0        472   Library Totals

    ----------------------------------------------------------------------

==============================================================================


      Code (inc. data)   RO Data    RW Data    ZI Data      Debug   

     24536       2556       2040       1472       6560     538456   Grand Totals
     24536       2556       2040        468       6560     538456   ELF Image Totals (compressed)
     24536       2556       2040        468          0          0   ROM Totals

==============================================================================

    Total RO  Size (Code + RO Data)                26576 (  25.95kB)
    Total RW  Size (RW Data + ZI Data)              8032 (   7.84kB)
    Total ROM Size (Code + RO Data + RW Data)      27044 (  26.41kB)

==============================================================================

